../Drivers/CMSIS/Include/core_cm4.h:1684:22:__NVIC_EnableIRQ	16	static,ignoring_inline_asm
../Drivers/CMSIS/Include/core_cm4.h:1722:22:__NVIC_DisableIRQ	16	static,ignoring_inline_asm
../Core/Src/main.c:239:5:main	8	static
../Core/Src/main.c:279:6:RCC_Configuration	4	static
../Core/Src/main.c:364:6:MCO_Out	4	static
../Core/Src/main.c:382:6:DWT_Init	4	static
../Core/Src/main.c:396:6:DWT_us_Delay	24	static
../Core/Src/main.c:402:6:DWT_ms_Delay	24	static
../Core/Src/main.c:413:6:GpioBitTest	8	static
../Core/Src/main.c:441:6:GpioWordTest	16	static
../Core/Src/main.c:488:6:USART3_Configuration	4	static
../Core/Src/main.c:543:6:TX3_Char	16	static
../Core/Src/main.c:550:6:TX3_PutString	16	static
../Core/Src/main.c:567:6:USART3_Test	96	static
../Core/Src/main.c:593:6:UsbPutString	24	static
../Core/Src/main.c:608:6:PutStringTest	72	static
../Core/Src/main.c:629:5:VCP_read	24	static
../Core/Src/main.c:660:6:EchoTest	16	static
../Core/Src/main.c:684:6:FsMonitoringTest	56	static
../Core/Src/main.c:734:6:SysTickInterruptTest	32	static
../Core/Src/main.c:766:6:SysTick_Handler	4	static
../Core/Src/main.c:798:6:SineSpeedTest	16	static
../Core/Src/main.c:831:6:Error_Handler	4	static
../Core/Src/main.c:841:6:SystemClock_Config	4	static
../Core/Src/main.c:855:6:DacTest	48	static
../Core/Src/main.c:926:6:AdcTest	80	static
../Core/Src/main.c:1021:6:AdcInjectedTest	176	static
../Core/Src/main.c:1132:6:Timer6_InterruptTest	16	static
../Core/Src/main.c:1181:6:TIM6_DAC_IRQHandler	4	static
../Core/Src/main.c:1230:6:Timer1_EncoderTest	80	static
../Core/Src/main.c:1310:6:Timer2_EncoderTest	80	static
../Core/Src/main.c:1388:6:Timer3_EncoderTest	80	static
../Core/Src/main.c:1469:6:ThreePhasePwmTest	32	static
../Core/Src/main.c:1585:6:ExtInterruptTest	72	static
../Core/Src/main.c:1623:6:EXTI0_IRQHandler	4	static
../Core/Src/main.c:1651:6:EXTI1_IRQHandler	4	static
../Core/Src/main.c:1707:6:PwmInputCaptureTest	104	static
../Core/Src/main.c:1907:6:TIM2_IRQHandler	24	static
../Core/Src/main.c:2027:6:SpiTest	80	static
../Core/Src/main.c:2117:6:TimerDmaTest	4	static
../Core/Src/main.c:2223:6:TIM1_Init	8	static
../Core/Src/main.c:2314:6:StartMotor	16	static
