../Core/Src/stm32f4xx_it.c:18:6:NMI_Handler	4	static
../Core/Src/stm32f4xx_it.c:20:6:HardFault_Handler	4	static
../Core/Src/stm32f4xx_it.c:25:6:MemManage_Handler	4	static
../Core/Src/stm32f4xx_it.c:30:6:BusFault_Handler	4	static
../Core/Src/stm32f4xx_it.c:35:6:UsageFault_Handler	4	static
../Core/Src/stm32f4xx_it.c:40:6:SVC_Handler	4	static
../Core/Src/stm32f4xx_it.c:44:6:DebugMon_Handler	4	static
../Core/Src/stm32f4xx_it.c:46:6:PendSV_Handler	4	static
../Core/Src/stm32f4xx_it.c:63:6:OTG_FS_IRQHandler	8	static
