Archive member included to satisfy reference by file (symbol)

C:\Users\ljb99\STM32CubeIDE\workspace_1.14.0\Start_up_commutation\Drivers\CMSIS\Lib\GCC\libarm_cortexM4lf_math.a(arm_sin_f32.o)
                              ./Core/Src/main.o (arm_sin_f32)
C:\Users\ljb99\STM32CubeIDE\workspace_1.14.0\Start_up_commutation\Drivers\CMSIS\Lib\GCC\libarm_cortexM4lf_math.a(arm_common_tables.o)
                              C:\Users\ljb99\STM32CubeIDE\workspace_1.14.0\Start_up_commutation\Drivers\CMSIS\Lib\GCC\libarm_cortexM4lf_math.a(arm_sin_f32.o) (sinTable_f32)
C:/ST/STM32CubeIDE_1.14.0/STM32CubeIDE/plugins/com.st.stm32cube.ide.mcu.externaltools.gnu-tools-for-stm32.11.3.rel1.win32_1.1.100.202309141235/tools/bin/../lib/gcc/arm-none-eabi/11.3.1/../../../../arm-none-eabi/lib/thumb/v7e-m+fp/hard\libc_nano.a(libc_a-exit.o)
                              C:/ST/STM32CubeIDE_1.14.0/STM32CubeIDE/plugins/com.st.stm32cube.ide.mcu.externaltools.gnu-tools-for-stm32.11.3.rel1.win32_1.1.100.202309141235/tools/bin/../lib/gcc/arm-none-eabi/11.3.1/../../../../arm-none-eabi/lib/thumb/v7e-m+fp/hard/crt0.o (exit)
C:/ST/STM32CubeIDE_1.14.0/STM32CubeIDE/plugins/com.st.stm32cube.ide.mcu.externaltools.gnu-tools-for-stm32.11.3.rel1.win32_1.1.100.202309141235/tools/bin/../lib/gcc/arm-none-eabi/11.3.1/../../../../arm-none-eabi/lib/thumb/v7e-m+fp/hard\libc_nano.a(libc_a-malloc.o)
                              ./Core/Src/usbd_cdc.o (malloc)
C:/ST/STM32CubeIDE_1.14.0/STM32CubeIDE/plugins/com.st.stm32cube.ide.mcu.externaltools.gnu-tools-for-stm32.11.3.rel1.win32_1.1.100.202309141235/tools/bin/../lib/gcc/arm-none-eabi/11.3.1/../../../../arm-none-eabi/lib/thumb/v7e-m+fp/hard\libc_nano.a(libc_a-mallocr.o)
                              C:/ST/STM32CubeIDE_1.14.0/STM32CubeIDE/plugins/com.st.stm32cube.ide.mcu.externaltools.gnu-tools-for-stm32.11.3.rel1.win32_1.1.100.202309141235/tools/bin/../lib/gcc/arm-none-eabi/11.3.1/../../../../arm-none-eabi/lib/thumb/v7e-m+fp/hard\libc_nano.a(libc_a-malloc.o) (_malloc_r)
C:/ST/STM32CubeIDE_1.14.0/STM32CubeIDE/plugins/com.st.stm32cube.ide.mcu.externaltools.gnu-tools-for-stm32.11.3.rel1.win32_1.1.100.202309141235/tools/bin/../lib/gcc/arm-none-eabi/11.3.1/../../../../arm-none-eabi/lib/thumb/v7e-m+fp/hard\libc_nano.a(libc_a-mlock.o)
                              C:/ST/STM32CubeIDE_1.14.0/STM32CubeIDE/plugins/com.st.stm32cube.ide.mcu.externaltools.gnu-tools-for-stm32.11.3.rel1.win32_1.1.100.202309141235/tools/bin/../lib/gcc/arm-none-eabi/11.3.1/../../../../arm-none-eabi/lib/thumb/v7e-m+fp/hard\libc_nano.a(libc_a-mallocr.o) (__malloc_lock)
C:/ST/STM32CubeIDE_1.14.0/STM32CubeIDE/plugins/com.st.stm32cube.ide.mcu.externaltools.gnu-tools-for-stm32.11.3.rel1.win32_1.1.100.202309141235/tools/bin/../lib/gcc/arm-none-eabi/11.3.1/../../../../arm-none-eabi/lib/thumb/v7e-m+fp/hard\libc_nano.a(libc_a-nano-vfprintf_float.o)
                              (_printf_float)
C:/ST/STM32CubeIDE_1.14.0/STM32CubeIDE/plugins/com.st.stm32cube.ide.mcu.externaltools.gnu-tools-for-stm32.11.3.rel1.win32_1.1.100.202309141235/tools/bin/../lib/gcc/arm-none-eabi/11.3.1/../../../../arm-none-eabi/lib/thumb/v7e-m+fp/hard\libc_nano.a(libc_a-nano-vfprintf_i.o)
                              C:/ST/STM32CubeIDE_1.14.0/STM32CubeIDE/plugins/com.st.stm32cube.ide.mcu.externaltools.gnu-tools-for-stm32.11.3.rel1.win32_1.1.100.202309141235/tools/bin/../lib/gcc/arm-none-eabi/11.3.1/../../../../arm-none-eabi/lib/thumb/v7e-m+fp/hard\libc_nano.a(libc_a-nano-vfprintf_float.o) (_printf_common)
C:/ST/STM32CubeIDE_1.14.0/STM32CubeIDE/plugins/com.st.stm32cube.ide.mcu.externaltools.gnu-tools-for-stm32.11.3.rel1.win32_1.1.100.202309141235/tools/bin/../lib/gcc/arm-none-eabi/11.3.1/../../../../arm-none-eabi/lib/thumb/v7e-m+fp/hard\libc_nano.a(libc_a-findfp.o)
                              C:/ST/STM32CubeIDE_1.14.0/STM32CubeIDE/plugins/com.st.stm32cube.ide.mcu.externaltools.gnu-tools-for-stm32.11.3.rel1.win32_1.1.100.202309141235/tools/bin/../lib/gcc/arm-none-eabi/11.3.1/../../../../arm-none-eabi/lib/thumb/v7e-m+fp/hard\libc_nano.a(libc_a-exit.o) (__stdio_exit_handler)
C:/ST/STM32CubeIDE_1.14.0/STM32CubeIDE/plugins/com.st.stm32cube.ide.mcu.externaltools.gnu-tools-for-stm32.11.3.rel1.win32_1.1.100.202309141235/tools/bin/../lib/gcc/arm-none-eabi/11.3.1/../../../../arm-none-eabi/lib/thumb/v7e-m+fp/hard\libc_nano.a(libc_a-fwalk.o)
                              C:/ST/STM32CubeIDE_1.14.0/STM32CubeIDE/plugins/com.st.stm32cube.ide.mcu.externaltools.gnu-tools-for-stm32.11.3.rel1.win32_1.1.100.202309141235/tools/bin/../lib/gcc/arm-none-eabi/11.3.1/../../../../arm-none-eabi/lib/thumb/v7e-m+fp/hard\libc_nano.a(libc_a-findfp.o) (_fwalk_sglue)
C:/ST/STM32CubeIDE_1.14.0/STM32CubeIDE/plugins/com.st.stm32cube.ide.mcu.externaltools.gnu-tools-for-stm32.11.3.rel1.win32_1.1.100.202309141235/tools/bin/../lib/gcc/arm-none-eabi/11.3.1/../../../../arm-none-eabi/lib/thumb/v7e-m+fp/hard\libc_nano.a(libc_a-sprintf.o)
                              ./Core/Src/main.o (sprintf)
[...]
Memory Configuration

Name             Origin             Length             Attributes
CCMRAM           0x0000000010000000 0x0000000000010000 xrw
RAM              0x0000000020000000 0x0000000000020000 xrw
FLASH            0x0000000008000000 0x0000000000080000 xr
*default*        0x0000000000000000 0xffffffffffffffff

Linker script and memory map

LOAD C:/ST/STM32CubeIDE_1.14.0/STM32CubeIDE/plugins/com.st.stm32cube.ide.mcu.externaltools.gnu-tools-for-stm32.11.3.rel1.win32_1.1.100.202309141235/tools/bin/../lib/gcc/arm-none-eabi/11.3.1/thumb/v7e-m+fp/hard/crti.o
LOAD C:/ST/STM32CubeIDE_1.14.0/STM32CubeIDE/plugins/com.st.stm32cube.ide.mcu.externaltools.gnu-tools-for-stm32.11.3.rel1.win32_1.1.100.202309141235/tools/bin/../lib/gcc/arm-none-eabi/11.3.1/thumb/v7e-m+fp/hard/crtbegin.o
LOAD C:/ST/STM32CubeIDE_1.14.0/STM32CubeIDE/plugins/com.st.stm32cube.ide.mcu.externaltools.gnu-tools-for-stm32.11.3.rel1.win32_1.1.100.202309141235/tools/bin/../lib/gcc/arm-none-eabi/11.3.1/../../../../arm-none-eabi/lib/thumb/v7e-m+fp/hard/crt0.o
LOAD ./Core/Src/main.o
LOAD ./Core/Src/monitor.o
LOAD ./Core/Src/stm32f4xx_hal_pcd.o
LOAD ./Core/Src/stm32f4xx_hal_pcd_ex.o
LOAD ./Core/Src/stm32f4xx_it.o
LOAD ./Core/Src/stm32f4xx_ll_usb.o
LOAD ./Core/Src/syscalls.o
LOAD ./Core/Src/sysmem.o
LOAD ./Core/Src/system_stm32f4xx.o
LOAD ./Core/Src/usb_device.o
LOAD ./Core/Src/usbd_cdc.o
LOAD ./Core/Src/usbd_cdc_if.o
LOAD ./Core/Src/usbd_conf.o
LOAD ./Core/Src/usbd_core.o
LOAD ./Core/Src/usbd_ctlreq.o
LOAD ./Core/Src/usbd_desc.o
LOAD ./Core/Src/usbd_ioreq.o
LOAD ./Core/Startup/startup_stm32f407vetx.o
LOAD C:\Users\ljb99\STM32CubeIDE\workspace_1.14.0\Start_up_commutation\Drivers\CMSIS\Lib\GCC\libarm_cortexM4lf_math.a
START GROUP
LOAD C:/ST/STM32CubeIDE_1.14.0/STM32CubeIDE/plugins/com.st.stm32cube.ide.mcu.externaltools.gnu-tools-for-stm32.11.3.rel1.win32_1.1.100.202309141235/tools/bin/../lib/gcc/arm-none-eabi/11.3.1/../../../../arm-none-eabi/lib/thumb/v7e-m+fp/hard\libc_nano.a
LOAD C:/ST/STM32CubeIDE_1.14.0/STM32CubeIDE/plugins/com.st.stm32cube.ide.mcu.externaltools.gnu-tools-for-stm32.11.3.rel1.win32_1.1.100.202309141235/tools/bin/../lib/gcc/arm-none-eabi/11.3.1/../../../../arm-none-eabi/lib/thumb/v7e-m+fp/hard\libm.a
END GROUP
START GROUP
LOAD C:/ST/STM32CubeIDE_1.14.0/STM32CubeIDE/plugins/com.st.stm32cube.ide.mcu.externaltools.gnu-tools-for-stm32.11.3.rel1.win32_1.1.100.202309141235/tools/bin/../lib/gcc/arm-none-eabi/11.3.1/thumb/v7e-m+fp/hard\libgcc.a
LOAD C:/ST/STM32CubeIDE_1.14.0/STM32CubeIDE/plugins/com.st.stm32cube.ide.mcu.externaltools.gnu-tools-for-stm32.11.3.rel1.win32_1.1.100.202309141235/tools/bin/../lib/gcc/arm-none-eabi/11.3.1/../../../../arm-none-eabi/lib/thumb/v7e-m+fp/hard\libc_nano.a
END GROUP
START GROUP
LOAD C:/ST/STM32CubeIDE_1.14.0/STM32CubeIDE/plugins/com.st.stm32cube.ide.mcu.externaltools.gnu-tools-for-stm32.11.3.rel1.win32_1.1.100.202309141235/tools/bin/../lib/gcc/arm-none-eabi/11.3.1/thumb/v7e-m+fp/hard\libgcc.a
LOAD C:/ST/STM32CubeIDE_1.14.0/STM32CubeIDE/plugins/com.st.stm32cube.ide.mcu.externaltools.gnu-tools-for-stm32.11.3.rel1.win32_1.1.100.202309141235/tools/bin/../lib/gcc/arm-none-eabi/11.3.1/../../../../arm-none-eabi/lib/thumb/v7e-m+fp/hard\libc_nano.a
LOAD C:/ST/STM32CubeIDE_1.14.0/STM32CubeIDE/plugins/com.st.stm32cube.ide.mcu.externaltools.gnu-tools-for-stm32.11.3.rel1.win32_1.1.100.202309141235/tools/bin/../lib/gcc/arm-none-eabi/11.3.1/../../../../arm-none-eabi/lib/thumb/v7e-m+fp/hard\libnosys.a
END GROUP
START GROUP
LOAD C:/ST/STM32CubeIDE_1.14.0/STM32CubeIDE/plugins/com.st.stm32cube.ide.mcu.externaltools.gnu-tools-for-stm32.11.3.rel1.win32_1.1.100.202309141235/tools/bin/../lib/gcc/arm-none-eabi/11.3.1/thumb/v7e-m+fp/hard\libgcc.a
LOAD C:/ST/STM32CubeIDE_1.14.0/STM32CubeIDE/plugins/com.st.stm32cube.ide.mcu.externaltools.gnu-tools-for-stm32.11.3.rel1.win32_1.1.100.202309141235/tools/bin/../lib/gcc/arm-none-eabi/11.3.1/../../../../arm-none-eabi/lib/thumb/v7e-m+fp/hard\libc_nano.a
LOAD C:/ST/STM32CubeIDE_1.14.0/STM32CubeIDE/plugins/com.st.stm32cube.ide.mcu.externaltools.gnu-tools-for-stm32.11.3.rel1.win32_1.1.100.202309141235/tools/bin/../lib/gcc/arm-none-eabi/11.3.1/../../../../arm-none-eabi/lib/thumb/v7e-m+fp/hard\libnosys.a
END GROUP
LOAD C:/ST/STM32CubeIDE_1.14.0/STM32CubeIDE/plugins/com.st.stm32cube.ide.mcu.externaltools.gnu-tools-for-stm32.11.3.rel1.win32_1.1.100.202309141235/tools/bin/../lib/gcc/arm-none-eabi/11.3.1/thumb/v7e-m+fp/hard/crtend.o
LOAD C:/ST/STM32CubeIDE_1.14.0/STM32CubeIDE/plugins/com.st.stm32cube.ide.mcu.externaltools.gnu-tools-for-stm32.11.3.rel1.win32_1.1.100.202309141235/tools/bin/../lib/gcc/arm-none-eabi/11.3.1/thumb/v7e-m+fp/hard/crtn.o
                0x0000000020020000                _estack = (ORIGIN (RAM) + LENGTH (RAM))
                0x0000000000000200                _Min_Heap_Size = 0x200
                0x0000000000000400                _Min_Stack_Size = 0x400

.isr_vector     0x0000000008000000      0x188
                0x0000000008000000                . = ALIGN (0x4)
 *(.isr_vector)
 .isr_vector    0x0000000008000000      0x188 ./Core/Startup/startup_stm32f407vetx.o
                0x0000000008000000                g_pfnVectors
                0x0000000008000188                . = ALIGN (0x4)

.text           0x0000000008000190     0x8c60
                0x0000000008000190                . = ALIGN (0x4)
 *(.text)
 .text          0x0000000008000190       0x40 C:/ST/STM32CubeIDE_1.14.0/STM32CubeIDE/plugins/com.st.stm32cube.ide.mcu.externaltools.gnu-tools-for-stm32.11.3.rel1.win32_1.1.100.202309141235/tools/bin/../lib/gcc/arm-none-eabi/11.3.1/thumb/v7e-m+fp/hard/crtbegin.o
 .text          0x00000000080001d0       0xa0 C:/ST/STM32CubeIDE_1.14.0/STM32CubeIDE/plugins/com.st.stm32cube.ide.mcu.externaltools.gnu-tools-for-stm32.11.3.rel1.win32_1.1.100.202309141235/tools/bin/../lib/gcc/arm-none-eabi/11.3.1/../../../../arm-none-eabi/lib/thumb/v7e-m+fp/hard\libc_nano.a(libc_a-memchr.o)
                0x00000000080001d0                memchr
 .text          0x0000000008000270       0x10 C:/ST/STM32CubeIDE_1.14.0/STM32CubeIDE/plugins/com.st.stm32cube.ide.mcu.externaltools.gnu-tools-for-stm32.11.3.rel1.win32_1.1.100.202309141235/tools/bin/../lib/gcc/arm-none-eabi/11.3.1/../../../../arm-none-eabi/lib/thumb/v7e-m+fp/hard\libc_nano.a(libc_a-strlen.o)
                0x0000000008000270                strlen
 .text          0x0000000008000280      0x378 C:/ST/STM32CubeIDE_1.14.0/STM32CubeIDE/plugins/com.st.stm32cube.ide.mcu.externaltools.gnu-tools-for-stm32.11.3.rel1.win32_1.1.100.202309141235/tools/bin/../lib/gcc/arm-none-eabi/11.3.1/thumb/v7e-m+fp/hard\libgcc.a(_arm_addsubdf3.o)
                0x0000000008000280                __aeabi_drsub
                0x0000000008000288                __aeabi_dsub
                0x0000000008000288                __subdf3
                0x000000000800028c                __aeabi_dadd
                0x000000000800028c                __adddf3
                0x0000000008000504                __floatunsidf
                0x0000000008000504                __aeabi_ui2d
                0x0000000008000524                __floatsidf
                0x0000000008000524                __aeabi_i2d
                0x0000000008000548                __aeabi_f2d
                0x0000000008000548                __extendsfdf2
                0x000000000800058c                __floatundidf
                0x000000000800058c                __aeabi_ul2d
                0x000000000800059c                __floatdidf
                0x000000000800059c                __aeabi_l2d
 .text          0x00000000080005f8      0x424 C:/ST/STM32CubeIDE_1.14.0/STM32CubeIDE/plugins/com.st.stm32cube.ide.mcu.externaltools.gnu-tools-for-stm32.11.3.rel1.win32_1.1.100.202309141235/tools/bin/../lib/gcc/arm-none-eabi/11.3.1/thumb/v7e-m+fp/hard\libgcc.a(_arm_muldivdf3.o)
                0x00000000080005f8                __aeabi_dmul
                0x00000000080005f8                __muldf3
                0x000000000800084c                __divdf3
                0x000000000800084c                __aeabi_ddiv
 .text          0x0000000008000a1c      0x110 C:/ST/STM32CubeIDE_1.14.0/STM32CubeIDE/plugins/com.st.stm32cube.ide.mcu.externaltools.gnu-tools-for-stm32.11.3.rel1.win32_1.1.100.202309141235/tools/bin/../lib/gcc/arm-none-eabi/11.3.1/thumb/v7e-m+fp/hard\libgcc.a(_arm_cmpdf2.o)
                0x0000000008000a1c                __gtdf2
                0x0000000008000a1c                __gedf2
                0x0000000008000a24                __ltdf2
                0x0000000008000a24                __ledf2
                0x0000000008000a2c                __nedf2
                0x0000000008000a2c                __eqdf2
                0x0000000008000a2c                __cmpdf2
                0x0000000008000aa8                __aeabi_cdrcmple
                0x0000000008000ab8                __aeabi_cdcmpeq
                0x0000000008000ab8                __aeabi_cdcmple
                0x0000000008000ac8                __aeabi_dcmpeq
                0x0000000008000adc                __aeabi_dcmplt
                0x0000000008000af0                __aeabi_dcmple
                0x0000000008000b04                __aeabi_dcmpge
                0x0000000008000b18                __aeabi_dcmpgt
 .text          0x0000000008000b2c       0x2c C:/ST/STM32CubeIDE_1.14.0/STM32CubeIDE/plugins/com.st.stm32cube.ide.mcu.externaltools.gnu-tools-for-stm32.11.3.rel1.win32_1.1.100.202309141235/tools/bin/../lib/gcc/arm-none-eabi/11.3.1/thumb/v7e-m+fp/hard\libgcc.a(_arm_unorddf2.o)
                0x0000000008000b2c                __unorddf2
                0x0000000008000b2c                __aeabi_dcmpun
 .text          0x0000000008000b58       0x50 C:/ST/STM32CubeIDE_1.14.0/STM32CubeIDE/plugins/com.st.stm32cube.ide.mcu.externaltools.gnu-tools-for-stm32.11.3.rel1.win32_1.1.100.202309141235/tools/bin/../lib/gcc/arm-none-eabi/11.3.1/thumb/v7e-m+fp/hard\libgcc.a(_arm_fixdfsi.o)
                0x0000000008000b58                __aeabi_d2iz
                0x0000000008000b58                __fixdfsi
 *(.text*)
 .text.main     0x0000000008000ba8       0x22 ./Core/Src/main.o
                0x0000000008000ba8                main
 *fill*         0x0000000008000bca        0x2 
 .text.RCC_Configuration
                0x0000000008000bcc      0x1ac ./Core/Src/main.o
                0x0000000008000bcc                RCC_Configuration
 .text.MCO_Out  0x0000000008000d78       0x60 ./Core/Src/main.o
                0x0000000008000d78                MCO_Out
 .text.DWT_Init
                0x0000000008000dd8       0x40 ./Core/Src/main.o
                0x0000000008000dd8                DWT_Init
 .text.DWT_us_Delay
                0x0000000008000e18       0x4c ./Core/Src/main.o
                0x0000000008000e18                DWT_us_Delay
 .text.DWT_ms_Delay
                0x0000000008000e64       0x54 ./Core/Src/main.o
                0x0000000008000e64                DWT_ms_Delay
 .text.SysTick_Handler
                0x0000000008000eb8       0x3c ./Core/Src/main.o
                0x0000000008000eb8                SysTick_Handler
 .text.SineSpeedTest
                0x0000000008000ef4       0xec ./Core/Src/main.o
                0x0000000008000ef4                SineSpeedTest
 .text.Error_Handler
                0x0000000008000fe0        0x6 ./Core/Src/main.o
                0x0000000008000fe0                Error_Handler
 *fill*         0x0000000008000fe6        0x2 
 .text.TIM6_DAC_IRQHandler
                0x0000000008000fe8       0x44 ./Core/Src/main.o
                0x0000000008000fe8                TIM6_DAC_IRQHandler
 .text.EXTI0_IRQHandler
                0x000000000800102c       0x98 ./Core/Src/main.o
                0x000000000800102c                EXTI0_IRQHandler
 .text.EXTI1_IRQHandler
                0x00000000080010c4       0x98 ./Core/Src/main.o
                0x00000000080010c4                EXTI1_IRQHandler
 *fill*         0x000000000800115c        0x4 
 .text.TIM2_IRQHandler
                0x0000000008001160      0x168 ./Core/Src/main.o
                0x0000000008001160                TIM2_IRQHandler
 .text.HAL_PCD_Init
                0x00000000080012c8      0x20e ./Core/Src/stm32f4xx_hal_pcd.o
                0x00000000080012c8                HAL_PCD_Init
 .text.HAL_PCD_Start
                0x00000000080014d6       0x44 ./Core/Src/stm32f4xx_hal_pcd.o
                0x00000000080014d6                HAL_PCD_Start
 *fill*         0x000000000800151a        0x2 
 .text.HAL_PCD_IRQHandler
                0x000000000800151c      0x918 ./Core/Src/stm32f4xx_hal_pcd.o
                0x000000000800151c                HAL_PCD_IRQHandler
 .text.HAL_PCD_SetAddress
                0x0000000008001e34       0x42 ./Core/Src/stm32f4xx_hal_pcd.o
                0x0000000008001e34                HAL_PCD_SetAddress
 .text.HAL_PCD_EP_Open
                0x0000000008001e76       0xd0 ./Core/Src/stm32f4xx_hal_pcd.o
                0x0000000008001e76                HAL_PCD_EP_Open
 .text.HAL_PCD_EP_Close
                0x0000000008001f46       0x94 ./Core/Src/stm32f4xx_hal_pcd.o
                0x0000000008001f46                HAL_PCD_EP_Close
 .text.HAL_PCD_EP_Receive
                0x0000000008001fda       0xb2 ./Core/Src/stm32f4xx_hal_pcd.o
                0x0000000008001fda                HAL_PCD_EP_Receive
 .text.HAL_PCD_EP_GetRxCount
                0x000000000800208c       0x32 ./Core/Src/stm32f4xx_hal_pcd.o
                0x000000000800208c                HAL_PCD_EP_GetRxCount
 .text.HAL_PCD_EP_Transmit
                0x00000000080020be       0xb0 ./Core/Src/stm32f4xx_hal_pcd.o
                0x00000000080020be                HAL_PCD_EP_Transmit
 .text.HAL_PCD_EP_SetStall
                0x000000000800216e       0xb6 ./Core/Src/stm32f4xx_hal_pcd.o
                0x000000000800216e                HAL_PCD_EP_SetStall
 .text.HAL_PCD_EP_ClrStall
                0x0000000008002224       0x96 ./Core/Src/stm32f4xx_hal_pcd.o
                0x0000000008002224                HAL_PCD_EP_ClrStall
 .text.PCD_WriteEmptyTxFifo
                0x00000000080022ba      0x102 ./Core/Src/stm32f4xx_hal_pcd.o
 .text.HAL_PCDEx_SetTxFiFo
                0x00000000080023bc       0x96 ./Core/Src/stm32f4xx_hal_pcd_ex.o
                0x00000000080023bc                HAL_PCDEx_SetTxFiFo
 .text.HAL_PCDEx_SetRxFiFo
                0x0000000008002452       0x22 ./Core/Src/stm32f4xx_hal_pcd_ex.o
                0x0000000008002452                HAL_PCDEx_SetRxFiFo
 .text.NMI_Handler
                0x0000000008002474        0xe ./Core/Src/stm32f4xx_it.o
                0x0000000008002474                NMI_Handler
 .text.HardFault_Handler
                0x0000000008002482        0x6 ./Core/Src/stm32f4xx_it.o
                0x0000000008002482                HardFault_Handler
 .text.MemManage_Handler
                0x0000000008002488        0x6 ./Core/Src/stm32f4xx_it.o
                0x0000000008002488                MemManage_Handler
 .text.BusFault_Handler
                0x000000000800248e        0x6 ./Core/Src/stm32f4xx_it.o
                0x000000000800248e                BusFault_Handler
 .text.UsageFault_Handler
                0x0000000008002494        0x6 ./Core/Src/stm32f4xx_it.o
                0x0000000008002494                UsageFault_Handler
 .text.SVC_Handler
                0x000000000800249a        0xe ./Core/Src/stm32f4xx_it.o
                0x000000000800249a                SVC_Handler
 .text.DebugMon_Handler
                0x00000000080024a8        0xe ./Core/Src/stm32f4xx_it.o
                0x00000000080024a8                DebugMon_Handler
 .text.PendSV_Handler
                0x00000000080024b6        0xe ./Core/Src/stm32f4xx_it.o
                0x00000000080024b6                PendSV_Handler
 .text.OTG_FS_IRQHandler
                0x00000000080024c4       0x14 ./Core/Src/stm32f4xx_it.o
                0x00000000080024c4                OTG_FS_IRQHandler
 .text.USB_CoreInit
                0x00000000080024d8       0x96 ./Core/Src/stm32f4xx_ll_usb.o
                0x00000000080024d8                USB_CoreInit
 .text.USB_EnableGlobalInt
                0x000000000800256e       0x22 ./Core/Src/stm32f4xx_ll_usb.o
                0x000000000800256e                USB_EnableGlobalInt
 .text.USB_DisableGlobalInt
                0x0000000008002590       0x22 ./Core/Src/stm32f4xx_ll_usb.o
                0x0000000008002590                USB_DisableGlobalInt
 .text.USB_SetCurrentMode
                0x00000000080025b2       0x4e ./Core/Src/stm32f4xx_ll_usb.o
                0x00000000080025b2                USB_SetCurrentMode
 .text.USB_DevInit
                0x0000000008002600      0x260 ./Core/Src/stm32f4xx_ll_usb.o
                0x0000000008002600                USB_DevInit
 .text.USB_FlushTxFifo
                0x0000000008002860       0x4c ./Core/Src/stm32f4xx_ll_usb.o
                0x0000000008002860                USB_FlushTxFifo
 .text.USB_FlushRxFifo
                0x00000000080028ac       0x44 ./Core/Src/stm32f4xx_ll_usb.o
                0x00000000080028ac                USB_FlushRxFifo
 .text.USB_SetDevSpeed
                0x00000000080028f0       0x2e ./Core/Src/stm32f4xx_ll_usb.o
                0x00000000080028f0                USB_SetDevSpeed
 .text.USB_GetDevSpeed
                0x000000000800291e       0x6a ./Core/Src/stm32f4xx_ll_usb.o
                0x000000000800291e                USB_GetDevSpeed
 .text.USB_ActivateEndpoint
                0x0000000008002988      0x10a ./Core/Src/stm32f4xx_ll_usb.o
                0x0000000008002988                USB_ActivateEndpoint
 .text.USB_DeactivateEndpoint
                0x0000000008002a92       0xea ./Core/Src/stm32f4xx_ll_usb.o
                0x0000000008002a92                USB_DeactivateEndpoint
 .text.USB_EPStartXfer
                0x0000000008002b7c      0x45c ./Core/Src/stm32f4xx_ll_usb.o
                0x0000000008002b7c                USB_EPStartXfer
 .text.USB_EP0StartXfer
                0x0000000008002fd8      0x2a0 ./Core/Src/stm32f4xx_ll_usb.o
                0x0000000008002fd8                USB_EP0StartXfer
 .text.USB_WritePacket
                0x0000000008003278       0x6a ./Core/Src/stm32f4xx_ll_usb.o
                0x0000000008003278                USB_WritePacket
 .text.USB_ReadPacket
                0x00000000080032e2       0x4e ./Core/Src/stm32f4xx_ll_usb.o
                0x00000000080032e2                USB_ReadPacket
 .text.USB_EPSetStall
                0x0000000008003330       0xda ./Core/Src/stm32f4xx_ll_usb.o
                0x0000000008003330                USB_EPSetStall
 .text.USB_EPClearStall
                0x000000000800340a       0xd2 ./Core/Src/stm32f4xx_ll_usb.o
                0x000000000800340a                USB_EPClearStall
 .text.USB_SetDevAddress
                0x00000000080034dc       0x48 ./Core/Src/stm32f4xx_ll_usb.o
                0x00000000080034dc                USB_SetDevAddress
 .text.USB_DevConnect
                0x0000000008003524       0x2c ./Core/Src/stm32f4xx_ll_usb.o
                0x0000000008003524                USB_DevConnect
 .text.USB_DevDisconnect
                0x0000000008003550       0x2c ./Core/Src/stm32f4xx_ll_usb.o
                0x0000000008003550                USB_DevDisconnect
 .text.USB_ReadInterrupts
                0x000000000800357c       0x2a ./Core/Src/stm32f4xx_ll_usb.o
                0x000000000800357c                USB_ReadInterrupts
 .text.USB_ReadDevAllOutEpInterrupt
                0x00000000080035a6       0x30 ./Core/Src/stm32f4xx_ll_usb.o
                0x00000000080035a6                USB_ReadDevAllOutEpInterrupt
 .text.USB_ReadDevAllInEpInterrupt
                0x00000000080035d6       0x30 ./Core/Src/stm32f4xx_ll_usb.o
                0x00000000080035d6                USB_ReadDevAllInEpInterrupt
 .text.USB_ReadDevOutEPInterrupt
                0x0000000008003606       0x38 ./Core/Src/stm32f4xx_ll_usb.o
                0x0000000008003606                USB_ReadDevOutEPInterrupt
 .text.USB_ReadDevInEPInterrupt
                0x000000000800363e       0x54 ./Core/Src/stm32f4xx_ll_usb.o
                0x000000000800363e                USB_ReadDevInEPInterrupt
 .text.USB_GetMode
                0x0000000008003692       0x1c ./Core/Src/stm32f4xx_ll_usb.o
                0x0000000008003692                USB_GetMode
 .text.USB_ActivateSetup
                0x00000000080036ae       0x66 ./Core/Src/stm32f4xx_ll_usb.o
                0x00000000080036ae                USB_ActivateSetup
 .text.USB_EP0_OutStart
                0x0000000008003714       0x84 ./Core/Src/stm32f4xx_ll_usb.o
                0x0000000008003714                USB_EP0_OutStart
 .text.USB_CoreReset
                0x0000000008003798       0x68 ./Core/Src/stm32f4xx_ll_usb.o
 .text._getpid  0x0000000008003800       0x10 ./Core/Src/syscalls.o
                0x0000000008003800                _getpid
 .text._kill    0x0000000008003810       0x20 ./Core/Src/syscalls.o
                0x0000000008003810                _kill
 .text._exit    0x0000000008003830       0x14 ./Core/Src/syscalls.o
                0x0000000008003830                _exit
 .text._read    0x0000000008003844       0x3a ./Core/Src/syscalls.o
                0x0000000008003844                _read
 .text._write   0x000000000800387e       0x38 ./Core/Src/syscalls.o
                0x000000000800387e                _write
 .text._close   0x00000000080038b6       0x18 ./Core/Src/syscalls.o
                0x00000000080038b6                _close
 .text._fstat   0x00000000080038ce       0x20 ./Core/Src/syscalls.o
                0x00000000080038ce                _fstat
 .text._isatty  0x00000000080038ee       0x16 ./Core/Src/syscalls.o
                0x00000000080038ee                _isatty
 .text._lseek   0x0000000008003904       0x1a ./Core/Src/syscalls.o
                0x0000000008003904                _lseek
 *fill*         0x000000000800391e        0x2 
 .text._sbrk    0x0000000008003920       0x6c ./Core/Src/sysmem.o
                0x0000000008003920                _sbrk
 .text.SystemInit
                0x000000000800398c       0x24 ./Core/Src/system_stm32f4xx.o
                0x000000000800398c                SystemInit
 .text.SystemCoreClockUpdate
                0x00000000080039b0      0x100 ./Core/Src/system_stm32f4xx.o
                0x00000000080039b0                SystemCoreClockUpdate
 .text.MX_USB_DEVICE_Init
                0x0000000008003ab0       0x38 ./Core/Src/usb_device.o
                0x0000000008003ab0                MX_USB_DEVICE_Init
 .text.USBD_CDC_Init
                0x0000000008003ae8       0xd4 ./Core/Src/usbd_cdc.o
 .text.USBD_CDC_DeInit
                0x0000000008003bbc       0x5a ./Core/Src/usbd_cdc.o
 *fill*         0x0000000008003c16        0x2 
 .text.USBD_CDC_Setup
                0x0000000008003c18       0xc0 ./Core/Src/usbd_cdc.o
 .text.USBD_CDC_DataIn
                0x0000000008003cd8       0x38 ./Core/Src/usbd_cdc.o
 .text.USBD_CDC_DataOut
                0x0000000008003d10       0x56 ./Core/Src/usbd_cdc.o
 .text.USBD_CDC_EP0_RxReady
                0x0000000008003d66       0x50 ./Core/Src/usbd_cdc.o
 *fill*         0x0000000008003db6        0x2 
 .text.USBD_CDC_GetFSCfgDesc
                0x0000000008003db8       0x20 ./Core/Src/usbd_cdc.o
 .text.USBD_CDC_GetHSCfgDesc
                0x0000000008003dd8       0x20 ./Core/Src/usbd_cdc.o
 .text.USBD_CDC_GetOtherSpeedCfgDesc
                0x0000000008003df8       0x20 ./Core/Src/usbd_cdc.o
 .text.USBD_CDC_GetDeviceQualifierDescriptor
                0x0000000008003e18       0x20 ./Core/Src/usbd_cdc.o
                0x0000000008003e18                USBD_CDC_GetDeviceQualifierDescriptor
 .text.USBD_CDC_RegisterInterface
                0x0000000008003e38       0x2e ./Core/Src/usbd_cdc.o
                0x0000000008003e38                USBD_CDC_RegisterInterface
 .text.USBD_CDC_SetTxBuffer
                0x0000000008003e66       0x34 ./Core/Src/usbd_cdc.o
                0x0000000008003e66                USBD_CDC_SetTxBuffer
 .text.USBD_CDC_SetRxBuffer
                0x0000000008003e9a       0x28 ./Core/Src/usbd_cdc.o
                0x0000000008003e9a                USBD_CDC_SetRxBuffer
 *fill*         0x0000000008003ec2        0x2 
 .text.CDC_Init_FS
                0x0000000008003ec4       0x28 ./Core/Src/usbd_cdc_if.o
 .text.CDC_DeInit_FS
                0x0000000008003eec       0x10 ./Core/Src/usbd_cdc_if.o
 .text.CDC_Control_FS
                0x0000000008003efc       0xbc ./Core/Src/usbd_cdc_if.o
 .text.CDC_Receive_FS
                0x0000000008003fb8       0x3c ./Core/Src/usbd_cdc_if.o
 .text.__NVIC_GetPriorityGrouping
                0x0000000008003ff4       0x1c ./Core/Src/usbd_conf.o
 .text.__NVIC_EnableIRQ
                0x0000000008004010       0x3c ./Core/Src/usbd_conf.o
 .text.__NVIC_SetPriority
                0x000000000800404c       0x54 ./Core/Src/usbd_conf.o
 .text.NVIC_EncodePriority
                0x00000000080040a0       0x66 ./Core/Src/usbd_conf.o
 *fill*         0x0000000008004106        0x2 
 .text.HAL_PCD_MspInit
                0x0000000008004108      0x14c ./Core/Src/usbd_conf.o
                0x0000000008004108                HAL_PCD_MspInit
 .text.HAL_PCD_SetupStageCallback
                0x0000000008004254       0x24 ./Core/Src/usbd_conf.o
                0x0000000008004254                HAL_PCD_SetupStageCallback
 .text.HAL_PCD_DataOutStageCallback
                0x0000000008004278       0x36 ./Core/Src/usbd_conf.o
                0x0000000008004278                HAL_PCD_DataOutStageCallback
 .text.HAL_PCD_DataInStageCallback
                0x00000000080042ae       0x34 ./Core/Src/usbd_conf.o
                0x00000000080042ae                HAL_PCD_DataInStageCallback
 .text.HAL_PCD_SOFCallback
                0x00000000080042e2       0x1c ./Core/Src/usbd_conf.o
                0x00000000080042e2                HAL_PCD_SOFCallback
 .text.HAL_PCD_ResetCallback
                0x00000000080042fe       0x50 ./Core/Src/usbd_conf.o
                0x00000000080042fe                HAL_PCD_ResetCallback
 *fill*         0x000000000800434e        0x2 
 .text.HAL_PCD_SuspendCallback
                0x0000000008004350       0x4c ./Core/Src/usbd_conf.o
                0x0000000008004350                HAL_PCD_SuspendCallback
 .text.HAL_PCD_ResumeCallback
                0x000000000800439c       0x1c ./Core/Src/usbd_conf.o
                0x000000000800439c                HAL_PCD_ResumeCallback
 .text.HAL_PCD_ISOOUTIncompleteCallback
                0x00000000080043b8       0x24 ./Core/Src/usbd_conf.o
                0x00000000080043b8                HAL_PCD_ISOOUTIncompleteCallback
 .text.HAL_PCD_ISOINIncompleteCallback
                0x00000000080043dc       0x24 ./Core/Src/usbd_conf.o
                0x00000000080043dc                HAL_PCD_ISOINIncompleteCallback
 .text.HAL_PCD_ConnectCallback
                0x0000000008004400       0x1c ./Core/Src/usbd_conf.o
                0x0000000008004400                HAL_PCD_ConnectCallback
 .text.HAL_PCD_DisconnectCallback
                0x000000000800441c       0x1c ./Core/Src/usbd_conf.o
                0x000000000800441c                HAL_PCD_DisconnectCallback
 .text.USBD_LL_Init
                0x0000000008004438       0xa0 ./Core/Src/usbd_conf.o
                0x0000000008004438                USBD_LL_Init
 .text.USBD_LL_Start
                0x00000000080044d8       0x64 ./Core/Src/usbd_conf.o
                0x00000000080044d8                USBD_LL_Start
 .text.USBD_LL_OpenEP
                0x000000000800453c       0x7c ./Core/Src/usbd_conf.o
                0x000000000800453c                USBD_LL_OpenEP
 .text.USBD_LL_CloseEP
                0x00000000080045b8       0x6c ./Core/Src/usbd_conf.o
                0x00000000080045b8                USBD_LL_CloseEP
 .text.USBD_LL_StallEP
                0x0000000008004624       0x6c ./Core/Src/usbd_conf.o
                0x0000000008004624                USBD_LL_StallEP
 .text.USBD_LL_ClearStallEP
                0x0000000008004690       0x6c ./Core/Src/usbd_conf.o
                0x0000000008004690                USBD_LL_ClearStallEP
 .text.USBD_LL_IsStallEP
                0x00000000080046fc       0x58 ./Core/Src/usbd_conf.o
                0x00000000080046fc                USBD_LL_IsStallEP
 .text.USBD_LL_SetUSBAddress
                0x0000000008004754       0x6c ./Core/Src/usbd_conf.o
                0x0000000008004754                USBD_LL_SetUSBAddress
 .text.USBD_LL_Transmit
                0x00000000080047c0       0x74 ./Core/Src/usbd_conf.o
                0x00000000080047c0                USBD_LL_Transmit
 .text.USBD_LL_PrepareReceive
                0x0000000008004834       0x74 ./Core/Src/usbd_conf.o
                0x0000000008004834                USBD_LL_PrepareReceive
 .text.USBD_LL_GetRxDataSize
                0x00000000080048a8       0x26 ./Core/Src/usbd_conf.o
                0x00000000080048a8                USBD_LL_GetRxDataSize
 .text.USBD_Init
                0x00000000080048ce       0x56 ./Core/Src/usbd_core.o
                0x00000000080048ce                USBD_Init
 .text.USBD_RegisterClass
                0x0000000008004924       0x34 ./Core/Src/usbd_core.o
                0x0000000008004924                USBD_RegisterClass
 .text.USBD_Start
                0x0000000008004958       0x18 ./Core/Src/usbd_core.o
                0x0000000008004958                USBD_Start
 .text.USBD_RunTestMode
                0x0000000008004970       0x16 ./Core/Src/usbd_core.o
                0x0000000008004970                USBD_RunTestMode
 .text.USBD_SetClassConfig
                0x0000000008004986       0x3e ./Core/Src/usbd_core.o
                0x0000000008004986                USBD_SetClassConfig
 .text.USBD_ClrClassConfig
                0x00000000080049c4       0x26 ./Core/Src/usbd_core.o
                0x00000000080049c4                USBD_ClrClassConfig
 .text.USBD_LL_SetupStage
                0x00000000080049ea       0x9a ./Core/Src/usbd_core.o
                0x00000000080049ea                USBD_LL_SetupStage
 .text.USBD_LL_DataOutStage
                0x0000000008004a84       0xb6 ./Core/Src/usbd_core.o
                0x0000000008004a84                USBD_LL_DataOutStage
 .text.USBD_LL_DataInStage
                0x0000000008004b3a      0x11e ./Core/Src/usbd_core.o
                0x0000000008004b3a                USBD_LL_DataInStage
 .text.USBD_LL_Reset
                0x0000000008004c58       0x5e ./Core/Src/usbd_core.o
                0x0000000008004c58                USBD_LL_Reset
 .text.USBD_LL_SetSpeed
                0x0000000008004cb6       0x20 ./Core/Src/usbd_core.o
                0x0000000008004cb6                USBD_LL_SetSpeed
 .text.USBD_LL_Suspend
                0x0000000008004cd6       0x2a ./Core/Src/usbd_core.o
                0x0000000008004cd6                USBD_LL_Suspend
 .text.USBD_LL_Resume
                0x0000000008004d00       0x22 ./Core/Src/usbd_core.o
                0x0000000008004d00                USBD_LL_Resume
 .text.USBD_LL_SOF
                0x0000000008004d22       0x34 ./Core/Src/usbd_core.o
                0x0000000008004d22                USBD_LL_SOF
 .text.USBD_LL_IsoINIncomplete
                0x0000000008004d56       0x1a ./Core/Src/usbd_core.o
                0x0000000008004d56                USBD_LL_IsoINIncomplete
 .text.USBD_LL_IsoOUTIncomplete
                0x0000000008004d70       0x1a ./Core/Src/usbd_core.o
                0x0000000008004d70                USBD_LL_IsoOUTIncomplete
 .text.USBD_LL_DevConnected
                0x0000000008004d8a       0x16 ./Core/Src/usbd_core.o
                0x0000000008004d8a                USBD_LL_DevConnected
 .text.USBD_LL_DevDisconnected
                0x0000000008004da0       0x2e ./Core/Src/usbd_core.o
                0x0000000008004da0                USBD_LL_DevDisconnected
 *fill*         0x0000000008004dce        0x2 
 .text.USBD_StdDevReq
                0x0000000008004dd0       0xa0 ./Core/Src/usbd_ctlreq.o
                0x0000000008004dd0                USBD_StdDevReq
 .text.USBD_StdItfReq
                0x0000000008004e70       0x66 ./Core/Src/usbd_ctlreq.o
                0x0000000008004e70                USBD_StdItfReq
 .text.USBD_StdEPReq
                0x0000000008004ed6      0x1b8 ./Core/Src/usbd_ctlreq.o
                0x0000000008004ed6                USBD_StdEPReq
 *fill*         0x000000000800508e        0x2 
 .text.USBD_GetDescriptor
                0x0000000008005090      0x1e8 ./Core/Src/usbd_ctlreq.o
 .text.USBD_SetAddress
                0x0000000008005278       0x7e ./Core/Src/usbd_ctlreq.o
 *fill*         0x00000000080052f6        0x2 
 .text.USBD_SetConfig
                0x00000000080052f8      0x110 ./Core/Src/usbd_ctlreq.o
 .text.USBD_GetConfig
                0x0000000008005408       0x64 ./Core/Src/usbd_ctlreq.o
 .text.USBD_GetStatus
                0x000000000800546c       0x54 ./Core/Src/usbd_ctlreq.o
 .text.USBD_SetFeature
                0x00000000080054c0       0x36 ./Core/Src/usbd_ctlreq.o
 .text.USBD_ClrFeature
                0x00000000080054f6       0x50 ./Core/Src/usbd_ctlreq.o
 .text.USBD_ParseSetupRequest
                0x0000000008005546       0x7a ./Core/Src/usbd_ctlreq.o
                0x0000000008005546                USBD_ParseSetupRequest
 .text.USBD_CtlError
                0x00000000080055c0       0x22 ./Core/Src/usbd_ctlreq.o
                0x00000000080055c0                USBD_CtlError
 .text.USBD_GetString
                0x00000000080055e2       0x86 ./Core/Src/usbd_ctlreq.o
                0x00000000080055e2                USBD_GetString
 .text.USBD_GetLen
                0x0000000008005668       0x30 ./Core/Src/usbd_ctlreq.o
 .text.USBD_FS_DeviceDescriptor
                0x0000000008005698       0x24 ./Core/Src/usbd_desc.o
                0x0000000008005698                USBD_FS_DeviceDescriptor
 .text.USBD_FS_LangIDStrDescriptor
                0x00000000080056bc       0x24 ./Core/Src/usbd_desc.o
                0x00000000080056bc                USBD_FS_LangIDStrDescriptor
 .text.USBD_FS_ProductStrDescriptor
                0x00000000080056e0       0x3c ./Core/Src/usbd_desc.o
                0x00000000080056e0                USBD_FS_ProductStrDescriptor
 .text.USBD_FS_ManufacturerStrDescriptor
                0x000000000800571c       0x28 ./Core/Src/usbd_desc.o
                0x000000000800571c                USBD_FS_ManufacturerStrDescriptor
 .text.USBD_FS_SerialStrDescriptor
                0x0000000008005744       0x3c ./Core/Src/usbd_desc.o
                0x0000000008005744                USBD_FS_SerialStrDescriptor
 .text.USBD_FS_ConfigStrDescriptor
                0x0000000008005780       0x3c ./Core/Src/usbd_desc.o
                0x0000000008005780                USBD_FS_ConfigStrDescriptor
 .text.USBD_FS_InterfaceStrDescriptor
                0x00000000080057bc       0x3c ./Core/Src/usbd_desc.o
                0x00000000080057bc                USBD_FS_InterfaceStrDescriptor
 .text.USBD_CtlSendData
                0x00000000080057f8       0x38 ./Core/Src/usbd_ioreq.o
                0x00000000080057f8                USBD_CtlSendData
 .text.USBD_CtlContinueSendData
                0x0000000008005830       0x24 ./Core/Src/usbd_ioreq.o
                0x0000000008005830                USBD_CtlContinueSendData
 .text.USBD_CtlPrepareRx
                0x0000000008005854       0x3c ./Core/Src/usbd_ioreq.o
                0x0000000008005854                USBD_CtlPrepareRx
 .text.USBD_CtlContinueRx
                0x0000000008005890       0x24 ./Core/Src/usbd_ioreq.o
                0x0000000008005890                USBD_CtlContinueRx
 .text.USBD_CtlSendStatus
                0x00000000080058b4       0x26 ./Core/Src/usbd_ioreq.o
                0x00000000080058b4                USBD_CtlSendStatus
 .text.USBD_CtlReceiveStatus
                0x00000000080058da       0x26 ./Core/Src/usbd_ioreq.o
                0x00000000080058da                USBD_CtlReceiveStatus
 .text.Reset_Handler
                0x0000000008005900       0x50 ./Core/Startup/startup_stm32f407vetx.o
                0x0000000008005900                Reset_Handler
 .text.Default_Handler
                0x0000000008005950        0x2 ./Core/Startup/startup_stm32f407vetx.o
                0x0000000008005950                RTC_Alarm_IRQHandler
                0x0000000008005950                HASH_RNG_IRQHandler
                0x0000000008005950                EXTI2_IRQHandler
                0x0000000008005950                TIM8_CC_IRQHandler
                0x0000000008005950                TIM1_CC_IRQHandler
                0x0000000008005950                DMA2_Stream5_IRQHandler
                0x0000000008005950                DMA1_Stream5_IRQHandler
                0x0000000008005950                PVD_IRQHandler
                0x0000000008005950                SDIO_IRQHandler
                0x0000000008005950                TAMP_STAMP_IRQHandler
                0x0000000008005950                CAN2_RX1_IRQHandler
                0x0000000008005950                EXTI3_IRQHandler
                0x0000000008005950                TIM8_TRG_COM_TIM14_IRQHandler
                0x0000000008005950                TIM1_UP_TIM10_IRQHandler
                0x0000000008005950                TIM8_UP_TIM13_IRQHandler
                0x0000000008005950                I2C3_ER_IRQHandler
                0x0000000008005950                I2C2_EV_IRQHandler
                0x0000000008005950                DMA1_Stream2_IRQHandler
                0x0000000008005950                CAN1_RX0_IRQHandler
                0x0000000008005950                FPU_IRQHandler
                0x0000000008005950                OTG_HS_WKUP_IRQHandler
                0x0000000008005950                CAN2_SCE_IRQHandler
                0x0000000008005950                DMA2_Stream2_IRQHandler
                0x0000000008005950                SPI1_IRQHandler
                0x0000000008005950                TIM1_BRK_TIM9_IRQHandler
                0x0000000008005950                DCMI_IRQHandler
                0x0000000008005950                CAN2_RX0_IRQHandler
                0x0000000008005950                DMA2_Stream3_IRQHandler
                0x0000000008005950                USART6_IRQHandler
                0x0000000008005950                USART3_IRQHandler
                0x0000000008005950                CAN1_RX1_IRQHandler
                0x0000000008005950                UART5_IRQHandler
                0x0000000008005950                DMA2_Stream0_IRQHandler
                0x0000000008005950                TIM4_IRQHandler
                0x0000000008005950                I2C1_EV_IRQHandler
                0x0000000008005950                DMA1_Stream6_IRQHandler
                0x0000000008005950                DMA1_Stream1_IRQHandler
                0x0000000008005950                UART4_IRQHandler
                0x0000000008005950                TIM3_IRQHandler
                0x0000000008005950                RCC_IRQHandler
                0x0000000008005950                TIM8_BRK_TIM12_IRQHandler
                0x0000000008005950                Default_Handler
                0x0000000008005950                EXTI15_10_IRQHandler
                0x0000000008005950                ADC_IRQHandler
                0x0000000008005950                DMA1_Stream7_IRQHandler
                0x0000000008005950                TIM7_IRQHandler
                0x0000000008005950                CAN2_TX_IRQHandler
                0x0000000008005950                TIM5_IRQHandler
                0x0000000008005950                DMA2_Stream7_IRQHandler
                0x0000000008005950                I2C3_EV_IRQHandler
                0x0000000008005950                EXTI9_5_IRQHandler
                0x0000000008005950                RTC_WKUP_IRQHandler
                0x0000000008005950                ETH_WKUP_IRQHandler
                0x0000000008005950                SPI2_IRQHandler
                0x0000000008005950                OTG_HS_EP1_IN_IRQHandler
                0x0000000008005950                DMA1_Stream0_IRQHandler
                0x0000000008005950                CAN1_TX_IRQHandler
                0x0000000008005950                EXTI4_IRQHandler
                0x0000000008005950                FSMC_IRQHandler
                0x0000000008005950                ETH_IRQHandler
                0x0000000008005950                OTG_HS_EP1_OUT_IRQHandler
                0x0000000008005950                WWDG_IRQHandler
                0x0000000008005950                OTG_FS_WKUP_IRQHandler
                0x0000000008005950                TIM1_TRG_COM_TIM11_IRQHandler
                0x0000000008005950                OTG_HS_IRQHandler
                0x0000000008005950                USART2_IRQHandler
                0x0000000008005950                I2C2_ER_IRQHandler
                0x0000000008005950                DMA2_Stream1_IRQHandler
                0x0000000008005950                CAN1_SCE_IRQHandler
                0x0000000008005950                FLASH_IRQHandler
                0x0000000008005950                DMA2_Stream4_IRQHandler
                0x0000000008005950                USART1_IRQHandler
                0x0000000008005950                SPI3_IRQHandler
                0x0000000008005950                DMA1_Stream4_IRQHandler
                0x0000000008005950                I2C1_ER_IRQHandler
                0x0000000008005950                DMA2_Stream6_IRQHandler
                0x0000000008005950                DMA1_Stream3_IRQHandler
 *fill*         0x0000000008005952        0x2 
 .text.arm_sin_f32
                0x0000000008005954       0x88 C:\Users\ljb99\STM32CubeIDE\workspace_1.14.0\Start_up_commutation\Drivers\CMSIS\Lib\GCC\libarm_cortexM4lf_math.a(arm_sin_f32.o)
                0x0000000008005954                arm_sin_f32
 .text.malloc   0x00000000080059dc       0x10 C:/ST/STM32CubeIDE_1.14.0/STM32CubeIDE/plugins/com.st.stm32cube.ide.mcu.externaltools.gnu-tools-for-stm32.11.3.rel1.win32_1.1.100.202309141235/tools/bin/../lib/gcc/arm-none-eabi/11.3.1/../../../../arm-none-eabi/lib/thumb/v7e-m+fp/hard\libc_nano.a(libc_a-malloc.o)
                0x00000000080059dc                malloc
 .text.free     0x00000000080059ec       0x10 C:/ST/STM32CubeIDE_1.14.0/STM32CubeIDE/plugins/com.st.stm32cube.ide.mcu.externaltools.gnu-tools-for-stm32.11.3.rel1.win32_1.1.100.202309141235/tools/bin/../lib/gcc/arm-none-eabi/11.3.1/../../../../arm-none-eabi/lib/thumb/v7e-m+fp/hard\libc_nano.a(libc_a-malloc.o)
                0x00000000080059ec                free
 .text.sbrk_aligned
                0x00000000080059fc       0x40 C:/ST/STM32CubeIDE_1.14.0/STM32CubeIDE/plugins/com.st.stm32cube.ide.mcu.externaltools.gnu-tools-for-stm32.11.3.rel1.win32_1.1.100.202309141235/tools/bin/../lib/gcc/arm-none-eabi/11.3.1/../../../../arm-none-eabi/lib/thumb/v7e-m+fp/hard\libc_nano.a(libc_a-mallocr.o)
 .text._malloc_r
                0x0000000008005a3c      0x100 C:/ST/STM32CubeIDE_1.14.0/STM32CubeIDE/plugins/com.st.stm32cube.ide.mcu.externaltools.gnu-tools-for-stm32.11.3.rel1.win32_1.1.100.202309141235/tools/bin/../lib/gcc/arm-none-eabi/11.3.1/../../../../arm-none-eabi/lib/thumb/v7e-m+fp/hard\libc_nano.a(libc_a-mallocr.o)
                0x0000000008005a3c                _malloc_r
 .text.__malloc_lock
                0x0000000008005b3c        0xc C:/ST/STM32CubeIDE_1.14.0/STM32CubeIDE/plugins/com.st.stm32cube.ide.mcu.externaltools.gnu-tools-for-stm32.11.3.rel1.win32_1.1.100.202309141235/tools/bin/../lib/gcc/arm-none-eabi/11.3.1/../../../../arm-none-eabi/lib/thumb/v7e-m+fp/hard\libc_nano.a(libc_a-mlock.o)
                0x0000000008005b3c                __malloc_lock
 .text.__malloc_unlock
                0x0000000008005b48        0xc C:/ST/STM32CubeIDE_1.14.0/STM32CubeIDE/plugins/com.st.stm32cube.ide.mcu.externaltools.gnu-tools-for-stm32.11.3.rel1.win32_1.1.100.202309141235/tools/bin/../lib/gcc/arm-none-eabi/11.3.1/../../../../arm-none-eabi/lib/thumb/v7e-m+fp/hard\libc_nano.a(libc_a-mlock.o)
                0x0000000008005b48                __malloc_unlock
 .text.__cvt    0x0000000008005b54       0xc4 C:/ST/STM32CubeIDE_1.14.0/STM32CubeIDE/plugins/com.st.stm32cube.ide.mcu.externaltools.gnu-tools-for-stm32.11.3.rel1.win32_1.1.100.202309141235/tools/bin/../lib/gcc/arm-none-eabi/11.3.1/../../../../arm-none-eabi/lib/thumb/v7e-m+fp/hard\libc_nano.a(libc_a-nano-vfprintf_float.o)
                0x0000000008005b54                __cvt
 .text.__exponent
                0x0000000008005c18       0x7c C:/ST/STM32CubeIDE_1.14.0/STM32CubeIDE/plugins/com.st.stm32cube.ide.mcu.externaltools.gnu-tools-for-stm32.11.3.rel1.win32_1.1.100.202309141235/tools/bin/../lib/gcc/arm-none-eabi/11.3.1/../../../../arm-none-eabi/lib/thumb/v7e-m+fp/hard\libc_nano.a(libc_a-nano-vfprintf_float.o)
                0x0000000008005c18                __exponent
 .text._printf_float
                0x0000000008005c94      0x46c C:/ST/STM32CubeIDE_1.14.0/STM32CubeIDE/plugins/com.st.stm32cube.ide.mcu.externaltools.gnu-tools-for-stm32.11.3.rel1.win32_1.1.100.202309141235/tools/bin/../lib/gcc/arm-none-eabi/11.3.1/../../../../arm-none-eabi/lib/thumb/v7e-m+fp/hard\libc_nano.a(libc_a-nano-vfprintf_float.o)
                0x0000000008005c94                _printf_float
 .text._printf_common
                0x0000000008006100       0xda C:/ST/STM32CubeIDE_1.14.0/STM32CubeIDE/plugins/com.st.stm32cube.ide.mcu.externaltools.gnu-tools-for-stm32.11.3.rel1.win32_1.1.100.202309141235/tools/bin/../lib/gcc/arm-none-eabi/11.3.1/../../../../arm-none-eabi/lib/thumb/v7e-m+fp/hard\libc_nano.a(libc_a-nano-vfprintf_i.o)
                0x0000000008006100                _printf_common
 *fill*         0x00000000080061da        0x2 
 .text._printf_i
                0x00000000080061dc      0x244 C:/ST/STM32CubeIDE_1.14.0/STM32CubeIDE/plugins/com.st.stm32cube.ide.mcu.externaltools.gnu-tools-for-stm32.11.3.rel1.win32_1.1.100.202309141235/tools/bin/../lib/gcc/arm-none-eabi/11.3.1/../../../../arm-none-eabi/lib/thumb/v7e-m+fp/hard\libc_nano.a(libc_a-nano-vfprintf_i.o)
                0x00000000080061dc                _printf_i
 .text.std      0x0000000008006420       0x6c C:/ST/STM32CubeIDE_1.14.0/STM32CubeIDE/plugins/com.st.stm32cube.ide.mcu.externaltools.gnu-tools-for-stm32.11.3.rel1.win32_1.1.100.202309141235/tools/bin/../lib/gcc/arm-none-eabi/11.3.1/../../../../arm-none-eabi/lib/thumb/v7e-m+fp/hard\libc_nano.a(libc_a-findfp.o)
 .text.stdio_exit_handler
                0x000000000800648c       0x18 C:/ST/STM32CubeIDE_1.14.0/STM32CubeIDE/plugins/com.st.stm32cube.ide.mcu.externaltools.gnu-tools-for-stm32.11.3.rel1.win32_1.1.100.202309141235/tools/bin/../lib/gcc/arm-none-eabi/11.3.1/../../../../arm-none-eabi/lib/thumb/v7e-m+fp/hard\libc_nano.a(libc_a-findfp.o)
 .text.cleanup_stdio
                0x00000000080064a4       0x40 C:/ST/STM32CubeIDE_1.14.0/STM32CubeIDE/plugins/com.st.stm32cube.ide.mcu.externaltools.gnu-tools-for-stm32.11.3.rel1.win32_1.1.100.202309141235/tools/bin/../lib/gcc/arm-none-eabi/11.3.1/../../../../arm-none-eabi/lib/thumb/v7e-m+fp/hard\libc_nano.a(libc_a-findfp.o)
 .text.global_stdio_init.part.0
                0x00000000080064e4       0x3c C:/ST/STM32CubeIDE_1.14.0/STM32CubeIDE/plugins/com.st.stm32cube.ide.mcu.externaltools.gnu-tools-for-stm32.11.3.rel1.win32_1.1.100.202309141235/tools/bin/../lib/gcc/arm-none-eabi/11.3.1/../../../../arm-none-eabi/lib/thumb/v7e-m+fp/hard\libc_nano.a(libc_a-findfp.o)
 .text.__sfp_lock_acquire
                0x0000000008006520        0xc C:/ST/STM32CubeIDE_1.14.0/STM32CubeIDE/plugins/com.st.stm32cube.ide.mcu.externaltools.gnu-tools-for-stm32.11.3.rel1.win32_1.1.100.202309141235/tools/bin/../lib/gcc/arm-none-eabi/11.3.1/../../../../arm-none-eabi/lib/thumb/v7e-m+fp/hard\libc_nano.a(libc_a-findfp.o)
                0x0000000008006520                __sfp_lock_acquire
 .text.__sfp_lock_release
                0x000000000800652c        0xc C:/ST/STM32CubeIDE_1.14.0/STM32CubeIDE/plugins/com.st.stm32cube.ide.mcu.externaltools.gnu-tools-for-stm32.11.3.rel1.win32_1.1.100.202309141235/tools/bin/../lib/gcc/arm-none-eabi/11.3.1/../../../../arm-none-eabi/lib/thumb/v7e-m+fp/hard\libc_nano.a(libc_a-findfp.o)
                0x000000000800652c                __sfp_lock_release
 .text.__sinit  0x0000000008006538       0x30 C:/ST/STM32CubeIDE_1.14.0/STM32CubeIDE/plugins/com.st.stm32cube.ide.mcu.externaltools.gnu-tools-for-stm32.11.3.rel1.win32_1.1.100.202309141235/tools/bin/../lib/gcc/arm-none-eabi/11.3.1/../../../../arm-none-eabi/lib/thumb/v7e-m+fp/hard\libc_nano.a(libc_a-findfp.o)
                0x0000000008006538                __sinit
 .text._fwalk_sglue
                0x0000000008006568       0x3c C:/ST/STM32CubeIDE_1.14.0/STM32CubeIDE/plugins/com.st.stm32cube.ide.mcu.externaltools.gnu-tools-for-stm32.11.3.rel1.win32_1.1.100.202309141235/tools/bin/../lib/gcc/arm-none-eabi/11.3.1/../../../../arm-none-eabi/lib/thumb/v7e-m+fp/hard\libc_nano.a(libc_a-fwalk.o)
                0x0000000008006568                _fwalk_sglue
 .text.__sread  0x00000000080065a4       0x22 C:/ST/STM32CubeIDE_1.14.0/STM32CubeIDE/plugins/com.st.stm32cube.ide.mcu.externaltools.gnu-tools-for-stm32.11.3.rel1.win32_1.1.100.202309141235/tools/bin/../lib/gcc/arm-none-eabi/11.3.1/../../../../arm-none-eabi/lib/thumb/v7e-m+fp/hard\libc_nano.a(libc_a-stdio.o)
                0x00000000080065a4                __sread
 .text.__swrite
                0x00000000080065c6       0x38 C:/ST/STM32CubeIDE_1.14.0/STM32CubeIDE/plugins/com.st.stm32cube.ide.mcu.externaltools.gnu-tools-for-stm32.11.3.rel1.win32_1.1.100.202309141235/tools/bin/../lib/gcc/arm-none-eabi/11.3.1/../../../../arm-none-eabi/lib/thumb/v7e-m+fp/hard\libc_nano.a(libc_a-stdio.o)
                0x00000000080065c6                __swrite
 .text.__sseek  0x00000000080065fe       0x24 C:/ST/STM32CubeIDE_1.14.0/STM32CubeIDE/plugins/com.st.stm32cube.ide.mcu.externaltools.gnu-tools-for-stm32.11.3.rel1.win32_1.1.100.202309141235/tools/bin/../lib/gcc/arm-none-eabi/11.3.1/../../../../arm-none-eabi/lib/thumb/v7e-m+fp/hard\libc_nano.a(libc_a-stdio.o)
                0x00000000080065fe                __sseek
 .text.__sclose
                0x0000000008006622        0x8 C:/ST/STM32CubeIDE_1.14.0/STM32CubeIDE/plugins/com.st.stm32cube.ide.mcu.externaltools.gnu-tools-for-stm32.11.3.rel1.win32_1.1.100.202309141235/tools/bin/../lib/gcc/arm-none-eabi/11.3.1/../../../../arm-none-eabi/lib/thumb/v7e-m+fp/hard\libc_nano.a(libc_a-stdio.o)
                0x0000000008006622                __sclose
 .text.memset   0x000000000800662a       0x10 C:/ST/STM32CubeIDE_1.14.0/STM32CubeIDE/plugins/com.st.stm32cube.ide.mcu.externaltools.gnu-tools-for-stm32.11.3.rel1.win32_1.1.100.202309141235/tools/bin/../lib/gcc/arm-none-eabi/11.3.1/../../../../arm-none-eabi/lib/thumb/v7e-m+fp/hard\libc_nano.a(libc_a-memset.o)
                0x000000000800662a                memset
 *fill*         0x000000000800663a        0x2 
 .text._localeconv_r
                0x000000000800663c        0x8 C:/ST/STM32CubeIDE_1.14.0/STM32CubeIDE/plugins/com.st.stm32cube.ide.mcu.externaltools.gnu-tools-for-stm32.11.3.rel1.win32_1.1.100.202309141235/tools/bin/../lib/gcc/arm-none-eabi/11.3.1/../../../../arm-none-eabi/lib/thumb/v7e-m+fp/hard\libc_nano.a(libc_a-localeconv.o)
                0x000000000800663c                _localeconv_r
 .text._close_r
                0x0000000008006644       0x20 C:/ST/STM32CubeIDE_1.14.0/STM32CubeIDE/plugins/com.st.stm32cube.ide.mcu.externaltools.gnu-tools-for-stm32.11.3.rel1.win32_1.1.100.202309141235/tools/bin/../lib/gcc/arm-none-eabi/11.3.1/../../../../arm-none-eabi/lib/thumb/v7e-m+fp/hard\libc_nano.a(libc_a-closer.o)
                0x0000000008006644                _close_r
 .text._lseek_r
                0x0000000008006664       0x24 C:/ST/STM32CubeIDE_1.14.0/STM32CubeIDE/plugins/com.st.stm32cube.ide.mcu.externaltools.gnu-tools-for-stm32.11.3.rel1.win32_1.1.100.202309141235/tools/bin/../lib/gcc/arm-none-eabi/11.3.1/../../../../arm-none-eabi/lib/thumb/v7e-m+fp/hard\libc_nano.a(libc_a-lseekr.o)
                0x0000000008006664                _lseek_r
 .text._read_r  0x0000000008006688       0x24 C:/ST/STM32CubeIDE_1.14.0/STM32CubeIDE/plugins/com.st.stm32cube.ide.mcu.externaltools.gnu-tools-for-stm32.11.3.rel1.win32_1.1.100.202309141235/tools/bin/../lib/gcc/arm-none-eabi/11.3.1/../../../../arm-none-eabi/lib/thumb/v7e-m+fp/hard\libc_nano.a(libc_a-readr.o)
                0x0000000008006688                _read_r
 .text._sbrk_r  0x00000000080066ac       0x20 C:/ST/STM32CubeIDE_1.14.0/STM32CubeIDE/plugins/com.st.stm32cube.ide.mcu.externaltools.gnu-tools-for-stm32.11.3.rel1.win32_1.1.100.202309141235/tools/bin/../lib/gcc/arm-none-eabi/11.3.1/../../../../arm-none-eabi/lib/thumb/v7e-m+fp/hard\libc_nano.a(libc_a-sbrkr.o)
                0x00000000080066ac                _sbrk_r
 .text._write_r
                0x00000000080066cc       0x24 C:/ST/STM32CubeIDE_1.14.0/STM32CubeIDE/plugins/com.st.stm32cube.ide.mcu.externaltools.gnu-tools-for-stm32.11.3.rel1.win32_1.1.100.202309141235/tools/bin/../lib/gcc/arm-none-eabi/11.3.1/../../../../arm-none-eabi/lib/thumb/v7e-m+fp/hard\libc_nano.a(libc_a-writer.o)
                0x00000000080066cc                _write_r
 .text.__errno  0x00000000080066f0        0xc C:/ST/STM32CubeIDE_1.14.0/STM32CubeIDE/plugins/com.st.stm32cube.ide.mcu.externaltools.gnu-tools-for-stm32.11.3.rel1.win32_1.1.100.202309141235/tools/bin/../lib/gcc/arm-none-eabi/11.3.1/../../../../arm-none-eabi/lib/thumb/v7e-m+fp/hard\libc_nano.a(libc_a-errno.o)
                0x00000000080066f0                __errno
 .text.__libc_init_array
                0x00000000080066fc       0x48 C:/ST/STM32CubeIDE_1.14.0/STM32CubeIDE/plugins/com.st.stm32cube.ide.mcu.externaltools.gnu-tools-for-stm32.11.3.rel1.win32_1.1.100.202309141235/tools/bin/../lib/gcc/arm-none-eabi/11.3.1/../../../../arm-none-eabi/lib/thumb/v7e-m+fp/hard\libc_nano.a(libc_a-init.o)
                0x00000000080066fc                __libc_init_array
 .text.__retarget_lock_init_recursive
                0x0000000008006744        0x2 C:/ST/STM32CubeIDE_1.14.0/STM32CubeIDE/plugins/com.st.stm32cube.ide.mcu.externaltools.gnu-tools-for-stm32.11.3.rel1.win32_1.1.100.202309141235/tools/bin/../lib/gcc/arm-none-eabi/11.3.1/../../../../arm-none-eabi/lib/thumb/v7e-m+fp/hard\libc_nano.a(libc_a-lock.o)
                0x0000000008006744                __retarget_lock_init_recursive
 .text.__retarget_lock_acquire_recursive
                0x0000000008006746        0x2 C:/ST/STM32CubeIDE_1.14.0/STM32CubeIDE/plugins/com.st.stm32cube.ide.mcu.externaltools.gnu-tools-for-stm32.11.3.rel1.win32_1.1.100.202309141235/tools/bin/../lib/gcc/arm-none-eabi/11.3.1/../../../../arm-none-eabi/lib/thumb/v7e-m+fp/hard\libc_nano.a(libc_a-lock.o)
                0x0000000008006746                __retarget_lock_acquire_recursive
 .text.__retarget_lock_release_recursive
                0x0000000008006748        0x2 C:/ST/STM32CubeIDE_1.14.0/STM32CubeIDE/plugins/com.st.stm32cube.ide.mcu.externaltools.gnu-tools-for-stm32.11.3.rel1.win32_1.1.100.202309141235/tools/bin/../lib/gcc/arm-none-eabi/11.3.1/../../../../arm-none-eabi/lib/thumb/v7e-m+fp/hard\libc_nano.a(libc_a-lock.o)
                0x0000000008006748                __retarget_lock_release_recursive
 .text.memcpy   0x000000000800674a       0x1c C:/ST/STM32CubeIDE_1.14.0/STM32CubeIDE/plugins/com.st.stm32cube.ide.mcu.externaltools.gnu-tools-for-stm32.11.3.rel1.win32_1.1.100.202309141235/tools/bin/../lib/gcc/arm-none-eabi/11.3.1/../../../../arm-none-eabi/lib/thumb/v7e-m+fp/hard\libc_nano.a(libc_a-memcpy-stub.o)
                0x000000000800674a                memcpy
 .text.quorem   0x0000000008006766      0x110 C:/ST/STM32CubeIDE_1.14.0/STM32CubeIDE/plugins/com.st.stm32cube.ide.mcu.externaltools.gnu-tools-for-stm32.11.3.rel1.win32_1.1.100.202309141235/tools/bin/../lib/gcc/arm-none-eabi/11.3.1/../../../../arm-none-eabi/lib/thumb/v7e-m+fp/hard\libc_nano.a(libc_a-dtoa.o)
 *fill*         0x0000000008006876        0x2 
 .text._dtoa_r  0x0000000008006878      0xbe4 C:/ST/STM32CubeIDE_1.14.0/STM32CubeIDE/plugins/com.st.stm32cube.ide.mcu.externaltools.gnu-tools-for-stm32.11.3.rel1.win32_1.1.100.202309141235/tools/bin/../lib/gcc/arm-none-eabi/11.3.1/../../../../arm-none-eabi/lib/thumb/v7e-m+fp/hard\libc_nano.a(libc_a-dtoa.o)
                0x0000000008006878                _dtoa_r
 .text._free_r  0x000000000800745c       0x98 C:/ST/STM32CubeIDE_1.14.0/STM32CubeIDE/plugins/com.st.stm32cube.ide.mcu.externaltools.gnu-tools-for-stm32.11.3.rel1.win32_1.1.100.202309141235/tools/bin/../lib/gcc/arm-none-eabi/11.3.1/../../../../arm-none-eabi/lib/thumb/v7e-m+fp/hard\libc_nano.a(libc_a-freer.o)
                0x000000000800745c                _free_r
 .text._Balloc  0x00000000080074f4       0x80 C:/ST/STM32CubeIDE_1.14.0/STM32CubeIDE/plugins/com.st.stm32cube.ide.mcu.externaltools.gnu-tools-for-stm32.11.3.rel1.win32_1.1.100.202309141235/tools/bin/../lib/gcc/arm-none-eabi/11.3.1/../../../../arm-none-eabi/lib/thumb/v7e-m+fp/hard\libc_nano.a(libc_a-mprec.o)
                0x00000000080074f4                _Balloc
 .text._Bfree   0x0000000008007574       0x44 C:/ST/STM32CubeIDE_1.14.0/STM32CubeIDE/plugins/com.st.stm32cube.ide.mcu.externaltools.gnu-tools-for-stm32.11.3.rel1.win32_1.1.100.202309141235/tools/bin/../lib/gcc/arm-none-eabi/11.3.1/../../../../arm-none-eabi/lib/thumb/v7e-m+fp/hard\libc_nano.a(libc_a-mprec.o)
                0x0000000008007574                _Bfree
 .text.__multadd
                0x00000000080075b8       0x8c C:/ST/STM32CubeIDE_1.14.0/STM32CubeIDE/plugins/com.st.stm32cube.ide.mcu.externaltools.gnu-tools-for-stm32.11.3.rel1.win32_1.1.100.202309141235/tools/bin/../lib/gcc/arm-none-eabi/11.3.1/../../../../arm-none-eabi/lib/thumb/v7e-m+fp/hard\libc_nano.a(libc_a-mprec.o)
                0x00000000080075b8                __multadd
 .text.__hi0bits
                0x0000000008007644       0x40 C:/ST/STM32CubeIDE_1.14.0/STM32CubeIDE/plugins/com.st.stm32cube.ide.mcu.externaltools.gnu-tools-for-stm32.11.3.rel1.win32_1.1.100.202309141235/tools/bin/../lib/gcc/arm-none-eabi/11.3.1/../../../../arm-none-eabi/lib/thumb/v7e-m+fp/hard\libc_nano.a(libc_a-mprec.o)
                0x0000000008007644                __hi0bits
 .text.__lo0bits
                0x0000000008007684       0x5a C:/ST/STM32CubeIDE_1.14.0/STM32CubeIDE/plugins/com.st.stm32cube.ide.mcu.externaltools.gnu-tools-for-stm32.11.3.rel1.win32_1.1.100.202309141235/tools/bin/../lib/gcc/arm-none-eabi/11.3.1/../../../../arm-none-eabi/lib/thumb/v7e-m+fp/hard\libc_nano.a(libc_a-mprec.o)
                0x0000000008007684                __lo0bits
 *fill*         0x00000000080076de        0x2 
 .text.__i2b    0x00000000080076e0       0x2c C:/ST/STM32CubeIDE_1.14.0/STM32CubeIDE/plugins/com.st.stm32cube.ide.mcu.externaltools.gnu-tools-for-stm32.11.3.rel1.win32_1.1.100.202309141235/tools/bin/../lib/gcc/arm-none-eabi/11.3.1/../../../../arm-none-eabi/lib/thumb/v7e-m+fp/hard\libc_nano.a(libc_a-mprec.o)
                0x00000000080076e0                __i2b
 .text.__multiply
                0x000000000800770c      0x154 C:/ST/STM32CubeIDE_1.14.0/STM32CubeIDE/plugins/com.st.stm32cube.ide.mcu.externaltools.gnu-tools-for-stm32.11.3.rel1.win32_1.1.100.202309141235/tools/bin/../lib/gcc/arm-none-eabi/11.3.1/../../../../arm-none-eabi/lib/thumb/v7e-m+fp/hard\libc_nano.a(libc_a-mprec.o)
                0x000000000800770c                __multiply
 .text.__pow5mult
                0x0000000008007860       0xb4 C:/ST/STM32CubeIDE_1.14.0/STM32CubeIDE/plugins/com.st.stm32cube.ide.mcu.externaltools.gnu-tools-for-stm32.11.3.rel1.win32_1.1.100.202309141235/tools/bin/../lib/gcc/arm-none-eabi/11.3.1/../../../../arm-none-eabi/lib/thumb/v7e-m+fp/hard\libc_nano.a(libc_a-mprec.o)
                0x0000000008007860                __pow5mult
 .text.__lshift
                0x0000000008007914       0xd8 C:/ST/STM32CubeIDE_1.14.0/STM32CubeIDE/plugins/com.st.stm32cube.ide.mcu.externaltools.gnu-tools-for-stm32.11.3.rel1.win32_1.1.100.202309141235/tools/bin/../lib/gcc/arm-none-eabi/11.3.1/../../../../arm-none-eabi/lib/thumb/v7e-m+fp/hard\libc_nano.a(libc_a-mprec.o)
                0x0000000008007914                __lshift
 .text.__mcmp   0x00000000080079ec       0x38 C:/ST/STM32CubeIDE_1.14.0/STM32CubeIDE/plugins/com.st.stm32cube.ide.mcu.externaltools.gnu-tools-for-stm32.11.3.rel1.win32_1.1.100.202309141235/tools/bin/../lib/gcc/arm-none-eabi/11.3.1/../../../../arm-none-eabi/lib/thumb/v7e-m+fp/hard\libc_nano.a(libc_a-mprec.o)
                0x00000000080079ec                __mcmp
 .text.__mdiff  0x0000000008007a24      0x114 C:/ST/STM32CubeIDE_1.14.0/STM32CubeIDE/plugins/com.st.stm32cube.ide.mcu.externaltools.gnu-tools-for-stm32.11.3.rel1.win32_1.1.100.202309141235/tools/bin/../lib/gcc/arm-none-eabi/11.3.1/../../../../arm-none-eabi/lib/thumb/v7e-m+fp/hard\libc_nano.a(libc_a-mprec.o)
                0x0000000008007a24                __mdiff
 .text.__d2b    0x0000000008007b38       0xb4 C:/ST/STM32CubeIDE_1.14.0/STM32CubeIDE/plugins/com.st.stm32cube.ide.mcu.externaltools.gnu-tools-for-stm32.11.3.rel1.win32_1.1.100.202309141235/tools/bin/../lib/gcc/arm-none-eabi/11.3.1/../../../../arm-none-eabi/lib/thumb/v7e-m+fp/hard\libc_nano.a(libc_a-mprec.o)
                0x0000000008007b38                __d2b
 .text.__sflush_r
                0x0000000008007bec      0x10c C:/ST/STM32CubeIDE_1.14.0/STM32CubeIDE/plugins/com.st.stm32cube.ide.mcu.externaltools.gnu-tools-for-stm32.11.3.rel1.win32_1.1.100.202309141235/tools/bin/../lib/gcc/arm-none-eabi/11.3.1/../../../../arm-none-eabi/lib/thumb/v7e-m+fp/hard\libc_nano.a(libc_a-fflush.o)
                0x0000000008007bec                __sflush_r
 .text._fflush_r
                0x0000000008007cf8       0x50 C:/ST/STM32CubeIDE_1.14.0/STM32CubeIDE/plugins/com.st.stm32cube.ide.mcu.externaltools.gnu-tools-for-stm32.11.3.rel1.win32_1.1.100.202309141235/tools/bin/../lib/gcc/arm-none-eabi/11.3.1/../../../../arm-none-eabi/lib/thumb/v7e-m+fp/hard\libc_nano.a(libc_a-fflush.o)
                0x0000000008007cf8                _fflush_r
 .text.__assert_func
                0x0000000008007d48       0x3c C:/ST/STM32CubeIDE_1.14.0/STM32CubeIDE/plugins/com.st.stm32cube.ide.mcu.externaltools.gnu-tools-for-stm32.11.3.rel1.win32_1.1.100.202309141235/tools/bin/../lib/gcc/arm-none-eabi/11.3.1/../../../../arm-none-eabi/lib/thumb/v7e-m+fp/hard\libc_nano.a(libc_a-assert.o)
                0x0000000008007d48                __assert_func
 .text._calloc_r
                0x0000000008007d84       0x2c C:/ST/STM32CubeIDE_1.14.0/STM32CubeIDE/plugins/com.st.stm32cube.ide.mcu.externaltools.gnu-tools-for-stm32.11.3.rel1.win32_1.1.100.202309141235/tools/bin/../lib/gcc/arm-none-eabi/11.3.1/../../../../arm-none-eabi/lib/thumb/v7e-m+fp/hard\libc_nano.a(libc_a-callocr.o)
                0x0000000008007d84                _calloc_r
 .text.__ascii_mbtowc
                0x0000000008007db0       0x24 C:/ST/STM32CubeIDE_1.14.0/STM32CubeIDE/plugins/com.st.stm32cube.ide.mcu.externaltools.gnu-tools-for-stm32.11.3.rel1.win32_1.1.100.202309141235/tools/bin/../lib/gcc/arm-none-eabi/11.3.1/../../../../arm-none-eabi/lib/thumb/v7e-m+fp/hard\libc_nano.a(libc_a-mbtowc_r.o)
                0x0000000008007db0                __ascii_mbtowc
 .text.__ascii_wctomb
                0x0000000008007dd4       0x1a C:/ST/STM32CubeIDE_1.14.0/STM32CubeIDE/plugins/com.st.stm32cube.ide.mcu.externaltools.gnu-tools-for-stm32.11.3.rel1.win32_1.1.100.202309141235/tools/bin/../lib/gcc/arm-none-eabi/11.3.1/../../../../arm-none-eabi/lib/thumb/v7e-m+fp/hard\libc_nano.a(libc_a-wctomb_r.o)
                0x0000000008007dd4                __ascii_wctomb
 *fill*         0x0000000008007dee        0x2 
 .text.fprintf  0x0000000008007df0       0x24 C:/ST/STM32CubeIDE_1.14.0/STM32CubeIDE/plugins/com.st.stm32cube.ide.mcu.externaltools.gnu-tools-for-stm32.11.3.rel1.win32_1.1.100.202309141235/tools/bin/../lib/gcc/arm-none-eabi/11.3.1/../../../../arm-none-eabi/lib/thumb/v7e-m+fp/hard\libc_nano.a(libc_a-fprintf.o)
                0x0000000008007df0                fiprintf
                0x0000000008007df0                fprintf
 .text.abort    0x0000000008007e14        0xe C:/ST/STM32CubeIDE_1.14.0/STM32CubeIDE/plugins/com.st.stm32cube.ide.mcu.externaltools.gnu-tools-for-stm32.11.3.rel1.win32_1.1.100.202309141235/tools/bin/../lib/gcc/arm-none-eabi/11.3.1/../../../../arm-none-eabi/lib/thumb/v7e-m+fp/hard\libc_nano.a(libc_a-abort.o)
                0x0000000008007e14                abort
 .text.__sfputc_r
                0x0000000008007e22       0x2e C:/ST/STM32CubeIDE_1.14.0/STM32CubeIDE/plugins/com.st.stm32cube.ide.mcu.externaltools.gnu-tools-for-stm32.11.3.rel1.win32_1.1.100.202309141235/tools/bin/../lib/gcc/arm-none-eabi/11.3.1/../../../../arm-none-eabi/lib/thumb/v7e-m+fp/hard\libc_nano.a(libc_a-nano-vfprintf.o)
 .text.__sfputs_r
                0x0000000008007e50       0x24 C:/ST/STM32CubeIDE_1.14.0/STM32CubeIDE/plugins/com.st.stm32cube.ide.mcu.externaltools.gnu-tools-for-stm32.11.3.rel1.win32_1.1.100.202309141235/tools/bin/../lib/gcc/arm-none-eabi/11.3.1/../../../../arm-none-eabi/lib/thumb/v7e-m+fp/hard\libc_nano.a(libc_a-nano-vfprintf.o)
                0x0000000008007e50                __sfputs_r
 .text._vfprintf_r
                0x0000000008007e74      0x234 C:/ST/STM32CubeIDE_1.14.0/STM32CubeIDE/plugins/com.st.stm32cube.ide.mcu.externaltools.gnu-tools-for-stm32.11.3.rel1.win32_1.1.100.202309141235/tools/bin/../lib/gcc/arm-none-eabi/11.3.1/../../../../arm-none-eabi/lib/thumb/v7e-m+fp/hard\libc_nano.a(libc_a-nano-vfprintf.o)
                0x0000000008007e74                _vfprintf_r
                0x0000000008007e74                _vfiprintf_r
 .text.__swbuf_r
                0x00000000080080a8       0x7a C:/ST/STM32CubeIDE_1.14.0/STM32CubeIDE/plugins/com.st.stm32cube.ide.mcu.externaltools.gnu-tools-for-stm32.11.3.rel1.win32_1.1.100.202309141235/tools/bin/../lib/gcc/arm-none-eabi/11.3.1/../../../../arm-none-eabi/lib/thumb/v7e-m+fp/hard\libc_nano.a(libc_a-wbuf.o)
                0x00000000080080a8                __swbuf_r
 *fill*         0x0000000008008122        0x2 
 .text.__swsetup_r
                0x0000000008008124       0xb0 C:/ST/STM32CubeIDE_1.14.0/STM32CubeIDE/plugins/com.st.stm32cube.ide.mcu.externaltools.gnu-tools-for-stm32.11.3.rel1.win32_1.1.100.202309141235/tools/bin/../lib/gcc/arm-none-eabi/11.3.1/../../../../arm-none-eabi/lib/thumb/v7e-m+fp/hard\libc_nano.a(libc_a-wsetup.o)
                0x0000000008008124                __swsetup_r
 .text._raise_r
                0x00000000080081d4       0x50 C:/ST/STM32CubeIDE_1.14.0/STM32CubeIDE/plugins/com.st.stm32cube.ide.mcu.externaltools.gnu-tools-for-stm32.11.3.rel1.win32_1.1.100.202309141235/tools/bin/../lib/gcc/arm-none-eabi/11.3.1/../../../../arm-none-eabi/lib/thumb/v7e-m+fp/hard\libc_nano.a(libc_a-signal.o)
                0x00000000080081d4                _raise_r
 .text.raise    0x0000000008008224       0x10 C:/ST/STM32CubeIDE_1.14.0/STM32CubeIDE/plugins/com.st.stm32cube.ide.mcu.externaltools.gnu-tools-for-stm32.11.3.rel1.win32_1.1.100.202309141235/tools/bin/../lib/gcc/arm-none-eabi/11.3.1/../../../../arm-none-eabi/lib/thumb/v7e-m+fp/hard\libc_nano.a(libc_a-signal.o)
                0x0000000008008224                raise
 .text._kill_r  0x0000000008008234       0x24 C:/ST/STM32CubeIDE_1.14.0/STM32CubeIDE/plugins/com.st.stm32cube.ide.mcu.externaltools.gnu-tools-for-stm32.11.3.rel1.win32_1.1.100.202309141235/tools/bin/../lib/gcc/arm-none-eabi/11.3.1/../../../../arm-none-eabi/lib/thumb/v7e-m+fp/hard\libc_nano.a(libc_a-signalr.o)
                0x0000000008008234                _kill_r
 .text._getpid_r
                0x0000000008008258        0x4 C:/ST/STM32CubeIDE_1.14.0/STM32CubeIDE/plugins/com.st.stm32cube.ide.mcu.externaltools.gnu-tools-for-stm32.11.3.rel1.win32_1.1.100.202309141235/tools/bin/../lib/gcc/arm-none-eabi/11.3.1/../../../../arm-none-eabi/lib/thumb/v7e-m+fp/hard\libc_nano.a(libc_a-signalr.o)
                0x0000000008008258                _getpid_r
 .text.__swhatbuf_r
                0x000000000800825c       0x4c C:/ST/STM32CubeIDE_1.14.0/STM32CubeIDE/plugins/com.st.stm32cube.ide.mcu.externaltools.gnu-tools-for-stm32.11.3.rel1.win32_1.1.100.202309141235/tools/bin/../lib/gcc/arm-none-eabi/11.3.1/../../../../arm-none-eabi/lib/thumb/v7e-m+fp/hard\libc_nano.a(libc_a-makebuf.o)
                0x000000000800825c                __swhatbuf_r
 .text.__smakebuf_r
                0x00000000080082a8       0x78 C:/ST/STM32CubeIDE_1.14.0/STM32CubeIDE/plugins/com.st.stm32cube.ide.mcu.externaltools.gnu-tools-for-stm32.11.3.rel1.win32_1.1.100.202309141235/tools/bin/../lib/gcc/arm-none-eabi/11.3.1/../../../../arm-none-eabi/lib/thumb/v7e-m+fp/hard\libc_nano.a(libc_a-makebuf.o)
                0x00000000080082a8                __smakebuf_r
 .text._fstat_r
                0x0000000008008320       0x24 C:/ST/STM32CubeIDE_1.14.0/STM32CubeIDE/plugins/com.st.stm32cube.ide.mcu.externaltools.gnu-tools-for-stm32.11.3.rel1.win32_1.1.100.202309141235/tools/bin/../lib/gcc/arm-none-eabi/11.3.1/../../../../arm-none-eabi/lib/thumb/v7e-m+fp/hard\libc_nano.a(libc_a-fstatr.o)
                0x0000000008008320                _fstat_r
 .text._isatty_r
                0x0000000008008344       0x20 C:/ST/STM32CubeIDE_1.14.0/STM32CubeIDE/plugins/com.st.stm32cube.ide.mcu.externaltools.gnu-tools-for-stm32.11.3.rel1.win32_1.1.100.202309141235/tools/bin/../lib/gcc/arm-none-eabi/11.3.1/../../../../arm-none-eabi/lib/thumb/v7e-m+fp/hard\libc_nano.a(libc_a-isattyr.o)
                0x0000000008008344                _isatty_r
 .text.sinf     0x0000000008008364       0x8c C:/ST/STM32CubeIDE_1.14.0/STM32CubeIDE/plugins/com.st.stm32cube.ide.mcu.externaltools.gnu-tools-for-stm32.11.3.rel1.win32_1.1.100.202309141235/tools/bin/../lib/gcc/arm-none-eabi/11.3.1/../../../../arm-none-eabi/lib/thumb/v7e-m+fp/hard\libm.a(libm_a-sf_sin.o)
                0x0000000008008364                sinf
 .text.__kernel_cosf
                0x00000000080083f0       0xbc C:/ST/STM32CubeIDE_1.14.0/STM32CubeIDE/plugins/com.st.stm32cube.ide.mcu.externaltools.gnu-tools-for-stm32.11.3.rel1.win32_1.1.100.202309141235/tools/bin/../lib/gcc/arm-none-eabi/11.3.1/../../../../arm-none-eabi/lib/thumb/v7e-m+fp/hard\libm.a(libm_a-kf_cos.o)
                0x00000000080083f0                __kernel_cosf
 .text.__kernel_sinf
                0x00000000080084ac       0x90 C:/ST/STM32CubeIDE_1.14.0/STM32CubeIDE/plugins/com.st.stm32cube.ide.mcu.externaltools.gnu-tools-for-stm32.11.3.rel1.win32_1.1.100.202309141235/tools/bin/../lib/gcc/arm-none-eabi/11.3.1/../../../../arm-none-eabi/lib/thumb/v7e-m+fp/hard\libm.a(libm_a-kf_sin.o)
                0x00000000080084ac                __kernel_sinf
 .text.__ieee754_rem_pio2f
                0x000000000800853c      0x258 C:/ST/STM32CubeIDE_1.14.0/STM32CubeIDE/plugins/com.st.stm32cube.ide.mcu.externaltools.gnu-tools-for-stm32.11.3.rel1.win32_1.1.100.202309141235/tools/bin/../lib/gcc/arm-none-eabi/11.3.1/../../../../arm-none-eabi/lib/thumb/v7e-m+fp/hard\libm.a(libm_a-ef_rem_pio2.o)
                0x000000000800853c                __ieee754_rem_pio2f
 .text.fabsf    0x0000000008008794        0xe C:/ST/STM32CubeIDE_1.14.0/STM32CubeIDE/plugins/com.st.stm32cube.ide.mcu.externaltools.gnu-tools-for-stm32.11.3.rel1.win32_1.1.100.202309141235/tools/bin/../lib/gcc/arm-none-eabi/11.3.1/../../../../arm-none-eabi/lib/thumb/v7e-m+fp/hard\libm.a(libm_a-sf_fabs.o)
                0x0000000008008794                fabsf
 *fill*         0x00000000080087a2        0x2 
 .text.__kernel_rem_pio2f
                0x00000000080087a4      0x4e4 C:/ST/STM32CubeIDE_1.14.0/STM32CubeIDE/plugins/com.st.stm32cube.ide.mcu.externaltools.gnu-tools-for-stm32.11.3.rel1.win32_1.1.100.202309141235/tools/bin/../lib/gcc/arm-none-eabi/11.3.1/../../../../arm-none-eabi/lib/thumb/v7e-m+fp/hard\libm.a(libm_a-kf_rem_pio2.o)
                0x00000000080087a4                __kernel_rem_pio2f
 .text.scalbnf  0x0000000008008c88       0xcc C:/ST/STM32CubeIDE_1.14.0/STM32CubeIDE/plugins/com.st.stm32cube.ide.mcu.externaltools.gnu-tools-for-stm32.11.3.rel1.win32_1.1.100.202309141235/tools/bin/../lib/gcc/arm-none-eabi/11.3.1/../../../../arm-none-eabi/lib/thumb/v7e-m+fp/hard\libm.a(libm_a-sf_scalbn.o)
                0x0000000008008c88                scalbnf
 .text.floorf   0x0000000008008d54       0x84 C:/ST/STM32CubeIDE_1.14.0/STM32CubeIDE/plugins/com.st.stm32cube.ide.mcu.externaltools.gnu-tools-for-stm32.11.3.rel1.win32_1.1.100.202309141235/tools/bin/../lib/gcc/arm-none-eabi/11.3.1/../../../../arm-none-eabi/lib/thumb/v7e-m+fp/hard\libm.a(libm_a-sf_floor.o)
                0x0000000008008d54                floorf
 *(.glue_7)
 .glue_7        0x0000000008008dd8        0x0 linker stubs
 *(.glue_7t)
 .glue_7t       0x0000000008008dd8        0x0 linker stubs
 *(.eh_frame)
 .eh_frame      0x0000000008008dd8        0x0 C:/ST/STM32CubeIDE_1.14.0/STM32CubeIDE/plugins/com.st.stm32cube.ide.mcu.externaltools.gnu-tools-for-stm32.11.3.rel1.win32_1.1.100.202309141235/tools/bin/../lib/gcc/arm-none-eabi/11.3.1/thumb/v7e-m+fp/hard/crtbegin.o
 *(.init)
 .init          0x0000000008008dd8        0x4 C:/ST/STM32CubeIDE_1.14.0/STM32CubeIDE/plugins/com.st.stm32cube.ide.mcu.externaltools.gnu-tools-for-stm32.11.3.rel1.win32_1.1.100.202309141235/tools/bin/../lib/gcc/arm-none-eabi/11.3.1/thumb/v7e-m+fp/hard/crti.o
                0x0000000008008dd8                _init
 .init          0x0000000008008ddc        0x8 C:/ST/STM32CubeIDE_1.14.0/STM32CubeIDE/plugins/com.st.stm32cube.ide.mcu.externaltools.gnu-tools-for-stm32.11.3.rel1.win32_1.1.100.202309141235/tools/bin/../lib/gcc/arm-none-eabi/11.3.1/thumb/v7e-m+fp/hard/crtn.o
 *(.fini)
 .fini          0x0000000008008de4        0x4 C:/ST/STM32CubeIDE_1.14.0/STM32CubeIDE/plugins/com.st.stm32cube.ide.mcu.externaltools.gnu-tools-for-stm32.11.3.rel1.win32_1.1.100.202309141235/tools/bin/../lib/gcc/arm-none-eabi/11.3.1/thumb/v7e-m+fp/hard/crti.o
                0x0000000008008de4                _fini
 .fini          0x0000000008008de8        0x8 C:/ST/STM32CubeIDE_1.14.0/STM32CubeIDE/plugins/com.st.stm32cube.ide.mcu.externaltools.gnu-tools-for-stm32.11.3.rel1.win32_1.1.100.202309141235/tools/bin/../lib/gcc/arm-none-eabi/11.3.1/thumb/v7e-m+fp/hard/crtn.o
                0x0000000008008df0                . = ALIGN (0x4)
                0x0000000008008df0                _etext = .

.vfp11_veneer   0x0000000008008df0        0x0
 .vfp11_veneer  0x0000000008008df0        0x0 linker stubs

.v4_bx          0x0000000008008df0        0x0
 .v4_bx         0x0000000008008df0        0x0 linker stubs

.iplt           0x0000000008008df0        0x0
 .iplt          0x0000000008008df0        0x0 C:/ST/STM32CubeIDE_1.14.0/STM32CubeIDE/plugins/com.st.stm32cube.ide.mcu.externaltools.gnu-tools-for-stm32.11.3.rel1.win32_1.1.100.202309141235/tools/bin/../lib/gcc/arm-none-eabi/11.3.1/thumb/v7e-m+fp/hard/crtbegin.o

.rodata         0x0000000008008df0      0xfac
                0x0000000008008df0                . = ALIGN (0x4)
 *(.rodata)
 .rodata        0x0000000008008df0       0x56 ./Core/Src/usbd_desc.o
 *(.rodata*)
 *fill*         0x0000000008008e46        0x2 
 .rodata.AHBPrescTable
                0x0000000008008e48       0x10 ./Core/Src/system_stm32f4xx.o
                0x0000000008008e48                AHBPrescTable
 .rodata.sinTable_f32
                0x0000000008008e58      0x804 C:\Users\ljb99\STM32CubeIDE\workspace_1.14.0\Start_up_commutation\Drivers\CMSIS\Lib\GCC\libarm_cortexM4lf_math.a(arm_common_tables.o)
                0x0000000008008e58                sinTable_f32
 .rodata._printf_float.str1.1
                0x000000000800965c       0x12 C:/ST/STM32CubeIDE_1.14.0/STM32CubeIDE/plugins/com.st.stm32cube.ide.mcu.externaltools.gnu-tools-for-stm32.11.3.rel1.win32_1.1.100.202309141235/tools/bin/../lib/gcc/arm-none-eabi/11.3.1/../../../../arm-none-eabi/lib/thumb/v7e-m+fp/hard\libc_nano.a(libc_a-nano-vfprintf_float.o)
 .rodata._printf_i.str1.1
                0x000000000800966e       0x22 C:/ST/STM32CubeIDE_1.14.0/STM32CubeIDE/plugins/com.st.stm32cube.ide.mcu.externaltools.gnu-tools-for-stm32.11.3.rel1.win32_1.1.100.202309141235/tools/bin/../lib/gcc/arm-none-eabi/11.3.1/../../../../arm-none-eabi/lib/thumb/v7e-m+fp/hard\libc_nano.a(libc_a-nano-vfprintf_i.o)
 .rodata._dtoa_r.str1.1
                0x0000000008009690       0x8d C:/ST/STM32CubeIDE_1.14.0/STM32CubeIDE/plugins/com.st.stm32cube.ide.mcu.externaltools.gnu-tools-for-stm32.11.3.rel1.win32_1.1.100.202309141235/tools/bin/../lib/gcc/arm-none-eabi/11.3.1/../../../../arm-none-eabi/lib/thumb/v7e-m+fp/hard\libc_nano.a(libc_a-dtoa.o)
                                         0x8f (size before relaxing)
 .rodata._Balloc.str1.1
                0x000000000800971d       0x59 C:/ST/STM32CubeIDE_1.14.0/STM32CubeIDE/plugins/com.st.stm32cube.ide.mcu.externaltools.gnu-tools-for-stm32.11.3.rel1.win32_1.1.100.202309141235/tools/bin/../lib/gcc/arm-none-eabi/11.3.1/../../../../arm-none-eabi/lib/thumb/v7e-m+fp/hard\libc_nano.a(libc_a-mprec.o)
                                         0x70 (size before relaxing)
 .rodata.__multadd.str1.1
                0x0000000008009776       0x11 C:/ST/STM32CubeIDE_1.14.0/STM32CubeIDE/plugins/com.st.stm32cube.ide.mcu.externaltools.gnu-tools-for-stm32.11.3.rel1.win32_1.1.100.202309141235/tools/bin/../lib/gcc/arm-none-eabi/11.3.1/../../../../arm-none-eabi/lib/thumb/v7e-m+fp/hard\libc_nano.a(libc_a-mprec.o)
 *fill*         0x0000000008009776        0x2 
 .rodata.__mprec_bigtens
                0x0000000008009778       0x28 C:/ST/STM32CubeIDE_1.14.0/STM32CubeIDE/plugins/com.st.stm32cube.ide.mcu.externaltools.gnu-tools-for-stm32.11.3.rel1.win32_1.1.100.202309141235/tools/bin/../lib/gcc/arm-none-eabi/11.3.1/../../../../arm-none-eabi/lib/thumb/v7e-m+fp/hard\libc_nano.a(libc_a-mprec.o)
                0x0000000008009778                __mprec_bigtens
 .rodata.__mprec_tens
                0x00000000080097a0       0xc8 C:/ST/STM32CubeIDE_1.14.0/STM32CubeIDE/plugins/com.st.stm32cube.ide.mcu.externaltools.gnu-tools-for-stm32.11.3.rel1.win32_1.1.100.202309141235/tools/bin/../lib/gcc/arm-none-eabi/11.3.1/../../../../arm-none-eabi/lib/thumb/v7e-m+fp/hard\libc_nano.a(libc_a-mprec.o)
                0x00000000080097a0                __mprec_tens
 .rodata.p05.0  0x0000000008009868        0xc C:/ST/STM32CubeIDE_1.14.0/STM32CubeIDE/plugins/com.st.stm32cube.ide.mcu.externaltools.gnu-tools-for-stm32.11.3.rel1.win32_1.1.100.202309141235/tools/bin/../lib/gcc/arm-none-eabi/11.3.1/../../../../arm-none-eabi/lib/thumb/v7e-m+fp/hard\libc_nano.a(libc_a-mprec.o)
 .rodata._setlocale_r.str1.1
                0x0000000008009874        0x8 C:/ST/STM32CubeIDE_1.14.0/STM32CubeIDE/plugins/com.st.stm32cube.ide.mcu.externaltools.gnu-tools-for-stm32.11.3.rel1.win32_1.1.100.202309141235/tools/bin/../lib/gcc/arm-none-eabi/11.3.1/../../../../arm-none-eabi/lib/thumb/v7e-m+fp/hard\libc_nano.a(libc_a-locale.o)
                                          0x9 (size before relaxing)
 .rodata.str1.1
                0x000000000800987c        0x2 C:/ST/STM32CubeIDE_1.14.0/STM32CubeIDE/plugins/com.st.stm32cube.ide.mcu.externaltools.gnu-tools-for-stm32.11.3.rel1.win32_1.1.100.202309141235/tools/bin/../lib/gcc/arm-none-eabi/11.3.1/../../../../arm-none-eabi/lib/thumb/v7e-m+fp/hard\libc_nano.a(libc_a-locale.o)
 .rodata.__assert_func.str1.1
                0x000000000800987e       0x3c C:/ST/STM32CubeIDE_1.14.0/STM32CubeIDE/plugins/com.st.stm32cube.ide.mcu.externaltools.gnu-tools-for-stm32.11.3.rel1.win32_1.1.100.202309141235/tools/bin/../lib/gcc/arm-none-eabi/11.3.1/../../../../arm-none-eabi/lib/thumb/v7e-m+fp/hard\libc_nano.a(libc_a-assert.o)
                                         0x3d (size before relaxing)
 .rodata._ctype_
                0x00000000080098ba      0x101 C:/ST/STM32CubeIDE_1.14.0/STM32CubeIDE/plugins/com.st.stm32cube.ide.mcu.externaltools.gnu-tools-for-stm32.11.3.rel1.win32_1.1.100.202309141235/tools/bin/../lib/gcc/arm-none-eabi/11.3.1/../../../../arm-none-eabi/lib/thumb/v7e-m+fp/hard\libc_nano.a(libc_a-ctype_.o)
                0x00000000080098ba                _ctype_
 .rodata._vfprintf_r.str1.1
                0x00000000080099bb       0x11 C:/ST/STM32CubeIDE_1.14.0/STM32CubeIDE/plugins/com.st.stm32cube.ide.mcu.externaltools.gnu-tools-for-stm32.11.3.rel1.win32_1.1.100.202309141235/tools/bin/../lib/gcc/arm-none-eabi/11.3.1/../../../../arm-none-eabi/lib/thumb/v7e-m+fp/hard\libc_nano.a(libc_a-nano-vfprintf.o)
 .rodata.npio2_hw
                0x00000000080099cc       0x80 C:/ST/STM32CubeIDE_1.14.0/STM32CubeIDE/plugins/com.st.stm32cube.ide.mcu.externaltools.gnu-tools-for-stm32.11.3.rel1.win32_1.1.100.202309141235/tools/bin/../lib/gcc/arm-none-eabi/11.3.1/../../../../arm-none-eabi/lib/thumb/v7e-m+fp/hard\libm.a(libm_a-ef_rem_pio2.o)
 .rodata.two_over_pi
                0x0000000008009a4c      0x318 C:/ST/STM32CubeIDE_1.14.0/STM32CubeIDE/plugins/com.st.stm32cube.ide.mcu.externaltools.gnu-tools-for-stm32.11.3.rel1.win32_1.1.100.202309141235/tools/bin/../lib/gcc/arm-none-eabi/11.3.1/../../../../arm-none-eabi/lib/thumb/v7e-m+fp/hard\libm.a(libm_a-ef_rem_pio2.o)
 .rodata.PIo2   0x0000000008009d64       0x2c C:/ST/STM32CubeIDE_1.14.0/STM32CubeIDE/plugins/com.st.stm32cube.ide.mcu.externaltools.gnu-tools-for-stm32.11.3.rel1.win32_1.1.100.202309141235/tools/bin/../lib/gcc/arm-none-eabi/11.3.1/../../../../arm-none-eabi/lib/thumb/v7e-m+fp/hard\libm.a(libm_a-kf_rem_pio2.o)
 .rodata.init_jk
                0x0000000008009d90        0xc C:/ST/STM32CubeIDE_1.14.0/STM32CubeIDE/plugins/com.st.stm32cube.ide.mcu.externaltools.gnu-tools-for-stm32.11.3.rel1.win32_1.1.100.202309141235/tools/bin/../lib/gcc/arm-none-eabi/11.3.1/../../../../arm-none-eabi/lib/thumb/v7e-m+fp/hard\libm.a(libm_a-kf_rem_pio2.o)
                0x0000000008009d9c                . = ALIGN (0x4)

.rel.dyn        0x0000000008009d9c        0x0
 .rel.iplt      0x0000000008009d9c        0x0 C:/ST/STM32CubeIDE_1.14.0/STM32CubeIDE/plugins/com.st.stm32cube.ide.mcu.externaltools.gnu-tools-for-stm32.11.3.rel1.win32_1.1.100.202309141235/tools/bin/../lib/gcc/arm-none-eabi/11.3.1/thumb/v7e-m+fp/hard/crtbegin.o

.ARM.extab      0x0000000008009d9c        0x0
                0x0000000008009d9c                . = ALIGN (0x4)
 *(.ARM.extab* .gnu.linkonce.armextab.*)
                0x0000000008009d9c                . = ALIGN (0x4)

.ARM            0x0000000008009d9c        0x0
                0x0000000008009d9c                . = ALIGN (0x4)
                0x0000000008009d9c                __exidx_start = .
 *(.ARM.exidx*)
                0x0000000008009d9c                __exidx_end = .
                0x0000000008009d9c                . = ALIGN (0x4)

.preinit_array  0x0000000008009d9c        0x0
                0x0000000008009d9c                . = ALIGN (0x4)
                0x0000000008009d9c                PROVIDE (__preinit_array_start = .)
 *(.preinit_array*)
                0x0000000008009d9c                PROVIDE (__preinit_array_end = .)
                0x0000000008009d9c                . = ALIGN (0x4)

.init_array     0x0000000008009d9c        0x4
                0x0000000008009d9c                . = ALIGN (0x4)
                0x0000000008009d9c                PROVIDE (__init_array_start = .)
 *(SORT_BY_NAME(.init_array.*))
 *(.init_array*)
 .init_array    0x0000000008009d9c        0x4 C:/ST/STM32CubeIDE_1.14.0/STM32CubeIDE/plugins/com.st.stm32cube.ide.mcu.externaltools.gnu-tools-for-stm32.11.3.rel1.win32_1.1.100.202309141235/tools/bin/../lib/gcc/arm-none-eabi/11.3.1/thumb/v7e-m+fp/hard/crtbegin.o
                0x0000000008009da0                PROVIDE (__init_array_end = .)
                0x0000000008009da0                . = ALIGN (0x4)

.fini_array     0x0000000008009da0        0x4
                0x0000000008009da0                . = ALIGN (0x4)
                [!provide]                        PROVIDE (__fini_array_start = .)
 *(SORT_BY_NAME(.fini_array.*))
 *(.fini_array*)
 .fini_array    0x0000000008009da0        0x4 C:/ST/STM32CubeIDE_1.14.0/STM32CubeIDE/plugins/com.st.stm32cube.ide.mcu.externaltools.gnu-tools-for-stm32.11.3.rel1.win32_1.1.100.202309141235/tools/bin/../lib/gcc/arm-none-eabi/11.3.1/thumb/v7e-m+fp/hard/crtbegin.o
                [!provide]                        PROVIDE (__fini_array_end = .)
                0x0000000008009da4                . = ALIGN (0x4)
                0x0000000008009da4                _sidata = LOADADDR (.data)

.data           0x0000000020000000      0x364 load address 0x0000000008009da4
                0x0000000020000000                . = ALIGN (0x4)
                0x0000000020000000                _sdata = .
 *(.data)
 *(.data*)
 .data.changeMtx
                0x0000000020000000       0x40 ./Core/Src/main.o
                0x0000000020000000                changeMtx
 .data.first_flag.0
                0x0000000020000040        0x4 ./Core/Src/main.o
 .data.SystemCoreClock
                0x0000000020000044        0x4 ./Core/Src/system_stm32f4xx.o
                0x0000000020000044                SystemCoreClock
 .data.USBD_CDC_DeviceQualifierDesc
                0x0000000020000048        0xa ./Core/Src/usbd_cdc.o
 *fill*         0x0000000020000052        0x2 
 .data.USBD_CDC
                0x0000000020000054       0x38 ./Core/Src/usbd_cdc.o
                0x0000000020000054                USBD_CDC
 .data.USBD_CDC_CfgHSDesc
                0x000000002000008c       0x43 ./Core/Src/usbd_cdc.o
                0x000000002000008c                USBD_CDC_CfgHSDesc
 *fill*         0x00000000200000cf        0x1 
 .data.USBD_CDC_CfgFSDesc
                0x00000000200000d0       0x43 ./Core/Src/usbd_cdc.o
                0x00000000200000d0                USBD_CDC_CfgFSDesc
 *fill*         0x0000000020000113        0x1 
 .data.USBD_CDC_OtherSpeedCfgDesc
                0x0000000020000114       0x43 ./Core/Src/usbd_cdc.o
                0x0000000020000114                USBD_CDC_OtherSpeedCfgDesc
 *fill*         0x0000000020000157        0x1 
 .data.USBD_Interface_fops_FS
                0x0000000020000158       0x10 ./Core/Src/usbd_cdc_if.o
                0x0000000020000158                USBD_Interface_fops_FS
 .data.FS_Desc  0x0000000020000168       0x1c ./Core/Src/usbd_desc.o
                0x0000000020000168                FS_Desc
 .data.USBD_FS_DeviceDesc
                0x0000000020000184       0x12 ./Core/Src/usbd_desc.o
                0x0000000020000184                USBD_FS_DeviceDesc
 *fill*         0x0000000020000196        0x2 
 .data.USBD_LangIDDesc
                0x0000000020000198        0x4 ./Core/Src/usbd_desc.o
                0x0000000020000198                USBD_LangIDDesc
 .data.__sglue  0x000000002000019c        0xc C:/ST/STM32CubeIDE_1.14.0/STM32CubeIDE/plugins/com.st.stm32cube.ide.mcu.externaltools.gnu-tools-for-stm32.11.3.rel1.win32_1.1.100.202309141235/tools/bin/../lib/gcc/arm-none-eabi/11.3.1/../../../../arm-none-eabi/lib/thumb/v7e-m+fp/hard\libc_nano.a(libc_a-findfp.o)
                0x000000002000019c                __sglue
 .data._impure_data
                0x00000000200001a8       0x4c C:/ST/STM32CubeIDE_1.14.0/STM32CubeIDE/plugins/com.st.stm32cube.ide.mcu.externaltools.gnu-tools-for-stm32.11.3.rel1.win32_1.1.100.202309141235/tools/bin/../lib/gcc/arm-none-eabi/11.3.1/../../../../arm-none-eabi/lib/thumb/v7e-m+fp/hard\libc_nano.a(libc_a-impure.o)
                0x00000000200001a8                _impure_data
 .data._impure_ptr
                0x00000000200001f4        0x4 C:/ST/STM32CubeIDE_1.14.0/STM32CubeIDE/plugins/com.st.stm32cube.ide.mcu.externaltools.gnu-tools-for-stm32.11.3.rel1.win32_1.1.100.202309141235/tools/bin/../lib/gcc/arm-none-eabi/11.3.1/../../../../arm-none-eabi/lib/thumb/v7e-m+fp/hard\libc_nano.a(libc_a-impure.o)
                0x00000000200001f4                _impure_ptr
 .data.__global_locale
                0x00000000200001f8      0x16c C:/ST/STM32CubeIDE_1.14.0/STM32CubeIDE/plugins/com.st.stm32cube.ide.mcu.externaltools.gnu-tools-for-stm32.11.3.rel1.win32_1.1.100.202309141235/tools/bin/../lib/gcc/arm-none-eabi/11.3.1/../../../../arm-none-eabi/lib/thumb/v7e-m+fp/hard\libc_nano.a(libc_a-locale.o)
                0x00000000200001f8                __global_locale
 *(.RamFunc)
 *(.RamFunc*)
                0x0000000020000364                . = ALIGN (0x4)
                0x0000000020000364                _edata = .
                0x000000000800a108                _siccmram = LOADADDR (.ccmram)

.igot.plt       0x0000000020000364        0x0 load address 0x000000000800a108
 .igot.plt      0x0000000020000364        0x0 C:/ST/STM32CubeIDE_1.14.0/STM32CubeIDE/plugins/com.st.stm32cube.ide.mcu.externaltools.gnu-tools-for-stm32.11.3.rel1.win32_1.1.100.202309141235/tools/bin/../lib/gcc/arm-none-eabi/11.3.1/thumb/v7e-m+fp/hard/crtbegin.o

.ccmram         0x0000000010000000        0x0 load address 0x000000000800a108
                0x0000000010000000                . = ALIGN (0x4)
                0x0000000010000000                _sccmram = .
 *(.ccmram)
 *(.ccmram*)
                0x0000000010000000                . = ALIGN (0x4)
                0x0000000010000000                _eccmram = .
                0x0000000010000000                . = ALIGN (0x4)

.bss            0x0000000020000368      0xdd8
                0x0000000020000368                _sbss = .
                0x0000000020000368                __bss_start__ = _sbss
 *(.bss)
 .bss           0x0000000020000368       0x1c C:/ST/STM32CubeIDE_1.14.0/STM32CubeIDE/plugins/com.st.stm32cube.ide.mcu.externaltools.gnu-tools-for-stm32.11.3.rel1.win32_1.1.100.202309141235/tools/bin/../lib/gcc/arm-none-eabi/11.3.1/thumb/v7e-m+fp/hard/crtbegin.o
 *(.bss*)
 .bss.indx      0x0000000020000384        0x4 ./Core/Src/main.o
                0x0000000020000384                indx
 .bss.count     0x0000000020000388        0x4 ./Core/Src/main.o
                0x0000000020000388                count
 *fill*         0x000000002000038c        0x4 
 .bss.Duty      0x0000000020000390        0x8 ./Core/Src/main.o
                0x0000000020000390                Duty
 .bss.Freq      0x0000000020000398        0x8 ./Core/Src/main.o
                0x0000000020000398                Freq
 .bss.IC1Value  0x00000000200003a0        0x4 ./Core/Src/main.o
                0x00000000200003a0                IC1Value
 .bss.IC2Value  0x00000000200003a4        0x4 ./Core/Src/main.o
                0x00000000200003a4                IC2Value
 .bss.IC2_PrevValue
                0x00000000200003a8        0x4 ./Core/Src/main.o
                0x00000000200003a8                IC2_PrevValue
 .bss.duty_cnt_g
                0x00000000200003ac        0x4 ./Core/Src/main.o
                0x00000000200003ac                duty_cnt_g
 .bss.period_cnt_g
                0x00000000200003b0        0x4 ./Core/Src/main.o
                0x00000000200003b0                period_cnt_g
 .bss.flag.5    0x00000000200003b4        0x4 ./Core/Src/main.o
 .bss.flag.4    0x00000000200003b8        0x4 ./Core/Src/main.o
 .bss.flag.3    0x00000000200003bc        0x4 ./Core/Src/main.o
 .bss.flag.2    0x00000000200003c0        0x4 ./Core/Src/main.o
 .bss.flag.1    0x00000000200003c4        0x4 ./Core/Src/main.o
 .bss.__sbrk_heap_end
                0x00000000200003c8        0x4 ./Core/Src/sysmem.o
 .bss.hUsbDeviceFS
                0x00000000200003cc      0x224 ./Core/Src/usb_device.o
                0x00000000200003cc                hUsbDeviceFS
 .bss.ifalt.0   0x00000000200005f0        0x1 ./Core/Src/usbd_cdc.o
 *fill*         0x00000000200005f1        0x3 
 .bss.UserRxBufferFS
                0x00000000200005f4      0x200 ./Core/Src/usbd_cdc_if.o
                0x00000000200005f4                UserRxBufferFS
 .bss.UserTxBufferFS
                0x00000000200007f4      0x200 ./Core/Src/usbd_cdc_if.o
                0x00000000200007f4                UserTxBufferFS
 .bss.RxPosition
                0x00000000200009f4        0x4 ./Core/Src/usbd_cdc_if.o
                0x00000000200009f4                RxPosition
 .bss.RxSize    0x00000000200009f8        0x4 ./Core/Src/usbd_cdc_if.o
                0x00000000200009f8                RxSize
 .bss.ReadDone  0x00000000200009fc        0x1 ./Core/Src/usbd_cdc_if.o
                0x00000000200009fc                ReadDone
 *fill*         0x00000000200009fd        0x3 
 .bss.hpcd_USB_OTG_FS
                0x0000000020000a00      0x3f0 ./Core/Src/usbd_conf.o
                0x0000000020000a00                hpcd_USB_OTG_FS
 .bss.cfgidx.0  0x0000000020000df0        0x1 ./Core/Src/usbd_ctlreq.o
 *fill*         0x0000000020000df1        0x3 
 .bss.USBD_StrDesc
                0x0000000020000df4      0x200 ./Core/Src/usbd_desc.o
                0x0000000020000df4                USBD_StrDesc
 .bss.__malloc_free_list
                0x0000000020000ff4        0x4 C:/ST/STM32CubeIDE_1.14.0/STM32CubeIDE/plugins/com.st.stm32cube.ide.mcu.externaltools.gnu-tools-for-stm32.11.3.rel1.win32_1.1.100.202309141235/tools/bin/../lib/gcc/arm-none-eabi/11.3.1/../../../../arm-none-eabi/lib/thumb/v7e-m+fp/hard\libc_nano.a(libc_a-mallocr.o)
                0x0000000020000ff4                __malloc_free_list
 .bss.__malloc_sbrk_start
                0x0000000020000ff8        0x4 C:/ST/STM32CubeIDE_1.14.0/STM32CubeIDE/plugins/com.st.stm32cube.ide.mcu.externaltools.gnu-tools-for-stm32.11.3.rel1.win32_1.1.100.202309141235/tools/bin/../lib/gcc/arm-none-eabi/11.3.1/../../../../arm-none-eabi/lib/thumb/v7e-m+fp/hard\libc_nano.a(libc_a-mallocr.o)
                0x0000000020000ff8                __malloc_sbrk_start
 .bss.__sf      0x0000000020000ffc      0x138 C:/ST/STM32CubeIDE_1.14.0/STM32CubeIDE/plugins/com.st.stm32cube.ide.mcu.externaltools.gnu-tools-for-stm32.11.3.rel1.win32_1.1.100.202309141235/tools/bin/../lib/gcc/arm-none-eabi/11.3.1/../../../../arm-none-eabi/lib/thumb/v7e-m+fp/hard\libc_nano.a(libc_a-findfp.o)
                0x0000000020000ffc                __sf
 .bss.__stdio_exit_handler
                0x0000000020001134        0x4 C:/ST/STM32CubeIDE_1.14.0/STM32CubeIDE/plugins/com.st.stm32cube.ide.mcu.externaltools.gnu-tools-for-stm32.11.3.rel1.win32_1.1.100.202309141235/tools/bin/../lib/gcc/arm-none-eabi/11.3.1/../../../../arm-none-eabi/lib/thumb/v7e-m+fp/hard\libc_nano.a(libc_a-findfp.o)
                0x0000000020001134                __stdio_exit_handler
 .bss.errno     0x0000000020001138        0x4 C:/ST/STM32CubeIDE_1.14.0/STM32CubeIDE/plugins/com.st.stm32cube.ide.mcu.externaltools.gnu-tools-for-stm32.11.3.rel1.win32_1.1.100.202309141235/tools/bin/../lib/gcc/arm-none-eabi/11.3.1/../../../../arm-none-eabi/lib/thumb/v7e-m+fp/hard\libc_nano.a(libc_a-reent.o)
                0x0000000020001138                errno
 .bss.__lock___malloc_recursive_mutex